#! /extra/build/iverilog-12.0/rhel8/bin/vvp
:ivl_version "12.0 (stable)";
:ivl_delay_selection "TYPICAL";
:vpi_time_precision - 9;
:vpi_module "/clear/apps/iverilog-12.0/rhel8/lib/ivl/system.vpi";
:vpi_module "/clear/apps/iverilog-12.0/rhel8/lib/ivl/vhdl_sys.vpi";
:vpi_module "/clear/apps/iverilog-12.0/rhel8/lib/ivl/vhdl_textio.vpi";
:vpi_module "/clear/apps/iverilog-12.0/rhel8/lib/ivl/v2005_math.vpi";
:vpi_module "/clear/apps/iverilog-12.0/rhel8/lib/ivl/va_math.vpi";
S_0xfd0b90 .scope module, "branch_testbench" "branch_testbench" 2 2;
 .timescale -9 -9;
P_0xfab070 .param/l "NUM_INSTRUCTIONS" 0 2 4, +C4<00000000000000000000000000001001>;
L_0x1010160 .functor OR 1, L_0xffe6a0, L_0xffe7e0, C4<0>, C4<0>;
v0xff9f00 .array "INSTRUCTION", 0 31, 15 0;
v0xffa3e0_0 .net "addi", 0 0, L_0xffe2e0;  1 drivers
v0xffa4a0_0 .net "alu_borrow_in", 0 0, L_0x1010aa0;  1 drivers
v0xffa590_0 .net "alu_borrow_out", 0 0, v0xff27a0_0;  1 drivers
v0xffa680_0 .net "alu_carry_in", 0 0, L_0x10109a0;  1 drivers
v0xffa770_0 .net "alu_carry_out", 0 0, v0xff2920_0;  1 drivers
v0xffa860_0 .net "alu_func", 2 0, L_0xffd520;  1 drivers
v0xffa950_0 .net "alu_result", 15 0, v0xff2450_0;  1 drivers
v0xffa9f0_0 .net "arith_1op", 0 0, L_0xffd6f0;  1 drivers
v0xffaa90_0 .net "arith_2op", 0 0, L_0xffd650;  1 drivers
v0xffab80_0 .net "branch_carry", 0 0, L_0xffedc0;  1 drivers
v0xffac70_0 .net "branch_eq", 0 0, L_0xffea00;  1 drivers
v0xffad60_0 .net "branch_ge", 0 0, L_0xffeaf0;  1 drivers
v0xffae50_0 .net "branch_le", 0 0, L_0xffecd0;  1 drivers
v0xffaf40_0 .net "destination_reg", 2 0, L_0xfbc7f0;  1 drivers
v0xffafe0_0 .net "halt_cmd", 0 0, L_0xffe270;  1 drivers
v0xffb080_0 .var/i "i", 31 0;
v0xffb230_0 .net "immediate", 11 0, L_0xffd3c0;  1 drivers
v0xffb2f0_0 .var "instruction", 15 0;
o0x7fe8bb0736d8 .functor BUFZ 1, C4<z>; HiZ drive
v0xffb390_0 .net "is_branch_taken", 0 0, o0x7fe8bb0736d8;  0 drivers
v0xffb430_0 .net "jump", 0 0, L_0xffefb0;  1 drivers
v0xffb4d0_0 .net "load", 0 0, L_0xffe6a0;  1 drivers
v0xffb570_0 .net "movi_higher", 0 0, L_0xffe110;  1 drivers
v0xffb610_0 .net "movi_lower", 0 0, L_0xffdce0;  1 drivers
v0xffb6b0_0 .net "reg1_data", 15 0, L_0x1010400;  1 drivers
v0xffb750_0 .net "reg2_data", 15 0, L_0x10108a0;  1 drivers
v0xffb7f0_0 .net "rst_cmd", 0 0, L_0x100ff70;  1 drivers
v0xffb890_0 .net "source_reg1", 2 0, L_0xffc930;  1 drivers
v0xffb980_0 .net "source_reg2", 2 0, L_0xffd280;  1 drivers
v0xffba70_0 .net "stb_cmd", 0 0, L_0x100f7b0;  1 drivers
v0xffbb60_0 .net "stc_cmd", 0 0, L_0x100f3f0;  1 drivers
v0xffbc50_0 .net "store", 0 0, L_0xffe7e0;  1 drivers
v0xffbcf0_0 .net "subi", 0 0, L_0xffe3d0;  1 drivers
v0xff9f00_0 .array/port v0xff9f00, 0;
v0xff9f00_1 .array/port v0xff9f00, 1;
v0xff9f00_2 .array/port v0xff9f00, 2;
v0xff9f00_3 .array/port v0xff9f00, 3;
E_0xf9dbc0/0 .event anyedge, v0xff9f00_0, v0xff9f00_1, v0xff9f00_2, v0xff9f00_3;
v0xff9f00_4 .array/port v0xff9f00, 4;
v0xff9f00_5 .array/port v0xff9f00, 5;
v0xff9f00_6 .array/port v0xff9f00, 6;
v0xff9f00_7 .array/port v0xff9f00, 7;
E_0xf9dbc0/1 .event anyedge, v0xff9f00_4, v0xff9f00_5, v0xff9f00_6, v0xff9f00_7;
v0xff9f00_8 .array/port v0xff9f00, 8;
v0xff9f00_9 .array/port v0xff9f00, 9;
v0xff9f00_10 .array/port v0xff9f00, 10;
v0xff9f00_11 .array/port v0xff9f00, 11;
E_0xf9dbc0/2 .event anyedge, v0xff9f00_8, v0xff9f00_9, v0xff9f00_10, v0xff9f00_11;
v0xff9f00_12 .array/port v0xff9f00, 12;
v0xff9f00_13 .array/port v0xff9f00, 13;
v0xff9f00_14 .array/port v0xff9f00, 14;
v0xff9f00_15 .array/port v0xff9f00, 15;
E_0xf9dbc0/3 .event anyedge, v0xff9f00_12, v0xff9f00_13, v0xff9f00_14, v0xff9f00_15;
v0xff9f00_16 .array/port v0xff9f00, 16;
v0xff9f00_17 .array/port v0xff9f00, 17;
v0xff9f00_18 .array/port v0xff9f00, 18;
v0xff9f00_19 .array/port v0xff9f00, 19;
E_0xf9dbc0/4 .event anyedge, v0xff9f00_16, v0xff9f00_17, v0xff9f00_18, v0xff9f00_19;
v0xff9f00_20 .array/port v0xff9f00, 20;
v0xff9f00_21 .array/port v0xff9f00, 21;
v0xff9f00_22 .array/port v0xff9f00, 22;
v0xff9f00_23 .array/port v0xff9f00, 23;
E_0xf9dbc0/5 .event anyedge, v0xff9f00_20, v0xff9f00_21, v0xff9f00_22, v0xff9f00_23;
v0xff9f00_24 .array/port v0xff9f00, 24;
v0xff9f00_25 .array/port v0xff9f00, 25;
v0xff9f00_26 .array/port v0xff9f00, 26;
v0xff9f00_27 .array/port v0xff9f00, 27;
E_0xf9dbc0/6 .event anyedge, v0xff9f00_24, v0xff9f00_25, v0xff9f00_26, v0xff9f00_27;
v0xff9f00_28 .array/port v0xff9f00, 28;
v0xff9f00_29 .array/port v0xff9f00, 29;
v0xff9f00_30 .array/port v0xff9f00, 30;
v0xff9f00_31 .array/port v0xff9f00, 31;
E_0xf9dbc0/7 .event anyedge, v0xff9f00_28, v0xff9f00_29, v0xff9f00_30, v0xff9f00_31;
E_0xf9dbc0/8 .event anyedge, v0xff7cf0_0, v0xff2370_0, v0xff7a30_0, v0xff8430_0;
E_0xf9dbc0/9 .event anyedge, v0xff8510_0, v0xff7c10_0, v0xff25d0_0, v0xff2510_0;
E_0xf9dbc0/10 .event anyedge, v0xff8010_0, v0xff7f50_0, v0xfd5870_0, v0xff2ec0_0;
E_0xf9dbc0/11 .event anyedge, v0xff7e90_0, v0xff8790_0, v0xff3550_0, v0xff35f0_0;
E_0xf9dbc0/12 .event anyedge, v0xff36b0_0, v0xff34b0_0, v0xff7dd0_0, v0xff2e00_0;
E_0xf9dbc0/13 .event anyedge, v0xff2d40_0, v0xff7ad0_0, v0xff81b0_0, v0xff37c0_0;
E_0xf9dbc0 .event/or E_0xf9dbc0/0, E_0xf9dbc0/1, E_0xf9dbc0/2, E_0xf9dbc0/3, E_0xf9dbc0/4, E_0xf9dbc0/5, E_0xf9dbc0/6, E_0xf9dbc0/7, E_0xf9dbc0/8, E_0xf9dbc0/9, E_0xf9dbc0/10, E_0xf9dbc0/11, E_0xf9dbc0/12, E_0xf9dbc0/13;
L_0x10101d0 .part L_0xffd3c0, 0, 6;
S_0xfbc600 .scope module, "myALU" "alu" 2 80, 3 37 0, S_0xfd0b90;
 .timescale -9 -9;
    .port_info 0 /INPUT 1 "arith_1op_pi";
    .port_info 1 /INPUT 1 "arith_2op_pi";
    .port_info 2 /INPUT 3 "alu_func_pi";
    .port_info 3 /INPUT 1 "addi_pi";
    .port_info 4 /INPUT 1 "subi_pi";
    .port_info 5 /INPUT 1 "load_or_store_pi";
    .port_info 6 /INPUT 16 "reg1_data_pi";
    .port_info 7 /INPUT 16 "reg2_data_pi";
    .port_info 8 /INPUT 6 "immediate_pi";
    .port_info 9 /INPUT 1 "stc_cmd_pi";
    .port_info 10 /INPUT 1 "stb_cmd_pi";
    .port_info 11 /INPUT 1 "carry_in_pi";
    .port_info 12 /INPUT 1 "borrow_in_pi";
    .port_info 13 /OUTPUT 16 "alu_result_po";
    .port_info 14 /OUTPUT 1 "carry_out_po";
    .port_info 15 /OUTPUT 1 "borrow_out_po";
v0xfd5870_0 .net "addi_pi", 0 0, L_0xffe2e0;  alias, 1 drivers
v0xff2370_0 .net "alu_func_pi", 2 0, L_0xffd520;  alias, 1 drivers
v0xff2450_0 .var "alu_result_po", 15 0;
v0xff2510_0 .net "arith_1op_pi", 0 0, L_0xffd6f0;  alias, 1 drivers
v0xff25d0_0 .net "arith_2op_pi", 0 0, L_0xffd650;  alias, 1 drivers
v0xff26e0_0 .net "borrow_in_pi", 0 0, L_0x1010aa0;  alias, 1 drivers
v0xff27a0_0 .var "borrow_out_po", 0 0;
v0xff2860_0 .net "carry_in_pi", 0 0, L_0x10109a0;  alias, 1 drivers
v0xff2920_0 .var "carry_out_po", 0 0;
v0xff29e0_0 .net "immediate_pi", 5 0, L_0x10101d0;  1 drivers
v0xff2ac0_0 .net "load_or_store_pi", 0 0, L_0x1010160;  1 drivers
v0xff2b80_0 .net "reg1_data_pi", 15 0, L_0x1010400;  alias, 1 drivers
v0xff2c60_0 .net "reg2_data_pi", 15 0, L_0x10108a0;  alias, 1 drivers
v0xff2d40_0 .net "stb_cmd_pi", 0 0, L_0x100f7b0;  alias, 1 drivers
v0xff2e00_0 .net "stc_cmd_pi", 0 0, L_0x100f3f0;  alias, 1 drivers
v0xff2ec0_0 .net "subi_pi", 0 0, L_0xffe3d0;  alias, 1 drivers
E_0xf9eb60/0 .event anyedge, v0xff2860_0, v0xff26e0_0, v0xff2510_0, v0xff2370_0;
E_0xf9eb60/1 .event anyedge, v0xff2b80_0, v0xff25d0_0, v0xff2c60_0, v0xfd5870_0;
E_0xf9eb60/2 .event anyedge, v0xff29e0_0, v0xff2ec0_0, v0xff2ac0_0, v0xff2e00_0;
E_0xf9eb60/3 .event anyedge, v0xff2d40_0;
E_0xf9eb60 .event/or E_0xf9eb60/0, E_0xf9eb60/1, E_0xf9eb60/2, E_0xf9eb60/3;
S_0xff3210 .scope module, "myBranch" "branch" 2 112, 4 3 0, S_0xfd0b90;
 .timescale -9 -9;
    .port_info 0 /INPUT 1 "branch_eq_pi";
    .port_info 1 /INPUT 1 "branch_ge_pi";
    .port_info 2 /INPUT 1 "branch_le_pi";
    .port_info 3 /INPUT 1 "branch_carry_pi";
    .port_info 4 /INPUT 16 "reg1_data_pi";
    .port_info 5 /INPUT 16 "reg2_data_pi";
    .port_info 6 /INPUT 1 "alu_carry_bit_pi";
    .port_info 7 /OUTPUT 1 "is_branch_taken_po";
v0xff3410_0 .net "alu_carry_bit_pi", 0 0, L_0x10109a0;  alias, 1 drivers
v0xff34b0_0 .net "branch_carry_pi", 0 0, L_0xffedc0;  alias, 1 drivers
v0xff3550_0 .net "branch_eq_pi", 0 0, L_0xffea00;  alias, 1 drivers
v0xff35f0_0 .net "branch_ge_pi", 0 0, L_0xffeaf0;  alias, 1 drivers
v0xff36b0_0 .net "branch_le_pi", 0 0, L_0xffecd0;  alias, 1 drivers
v0xff37c0_0 .net "is_branch_taken_po", 0 0, o0x7fe8bb0736d8;  alias, 0 drivers
v0xff3880_0 .net "reg1_data_pi", 15 0, L_0x1010400;  alias, 1 drivers
v0xff3940_0 .net "reg2_data_pi", 15 0, L_0x10108a0;  alias, 1 drivers
S_0xff3b10 .scope module, "myDecoder" "decoder" 2 52, 5 44 0, S_0xfd0b90;
 .timescale -9 -9;
    .port_info 0 /INPUT 16 "instruction_pi";
    .port_info 1 /OUTPUT 3 "alu_func_po";
    .port_info 2 /OUTPUT 3 "destination_reg_po";
    .port_info 3 /OUTPUT 3 "source_reg1_po";
    .port_info 4 /OUTPUT 3 "source_reg2_po";
    .port_info 5 /OUTPUT 12 "immediate_po";
    .port_info 6 /OUTPUT 1 "arith_2op_po";
    .port_info 7 /OUTPUT 1 "arith_1op_po";
    .port_info 8 /OUTPUT 1 "movi_lower_po";
    .port_info 9 /OUTPUT 1 "movi_higher_po";
    .port_info 10 /OUTPUT 1 "addi_po";
    .port_info 11 /OUTPUT 1 "subi_po";
    .port_info 12 /OUTPUT 1 "load_po";
    .port_info 13 /OUTPUT 1 "store_po";
    .port_info 14 /OUTPUT 1 "branch_eq_po";
    .port_info 15 /OUTPUT 1 "branch_ge_po";
    .port_info 16 /OUTPUT 1 "branch_le_po";
    .port_info 17 /OUTPUT 1 "branch_carry_po";
    .port_info 18 /OUTPUT 1 "jump_po";
    .port_info 19 /OUTPUT 1 "stc_cmd_po";
    .port_info 20 /OUTPUT 1 "stb_cmd_po";
    .port_info 21 /OUTPUT 1 "halt_cmd_po";
    .port_info 22 /OUTPUT 1 "rst_cmd_po";
L_0xfbc7f0 .functor BUFZ 3, L_0xffbed0, C4<000>, C4<000>, C4<000>;
L_0xfd8dc0 .functor OR 1, L_0xffc1d0, L_0xffc350, C4<0>, C4<0>;
L_0xfd5660 .functor OR 1, L_0xfd8dc0, L_0xffc4e0, C4<0>, C4<0>;
L_0xffc7f0 .functor OR 1, L_0xfd5660, L_0xffc700, C4<0>, C4<0>;
L_0xffcd20 .functor OR 1, L_0xffcad0, L_0xffcbc0, C4<0>, C4<0>;
L_0xffcf20 .functor OR 1, L_0xffcd20, L_0xffce30, C4<0>, C4<0>;
L_0xffccb0 .functor OR 1, L_0xffcf20, L_0xffd070, C4<0>, C4<0>;
L_0xffd3c0 .functor BUFZ 12, L_0xffc0e0, C4<000000000000>, C4<000000000000>, C4<000000000000>;
L_0x7fe8bb02a330 .functor BUFT 1, C4<0>, C4<0>, C4<0>, C4<0>;
L_0xffdbd0 .functor XNOR 1, L_0xffd970, L_0x7fe8bb02a330, C4<0>, C4<0>;
L_0xffdce0 .functor AND 1, L_0xffd880, L_0xffdbd0, C4<1>, C4<1>;
L_0x7fe8bb02a3c0 .functor BUFT 1, C4<1>, C4<0>, C4<0>, C4<0>;
L_0xffe000 .functor XNOR 1, L_0xffdea0, L_0x7fe8bb02a3c0, C4<0>, C4<0>;
L_0xffe110 .functor AND 1, L_0xffd7e0, L_0xffe000, C4<1>, C4<1>;
L_0x100f3f0 .functor AND 1, L_0xfff0f0, L_0x100f300, C4<1>, C4<1>;
L_0x100f7b0 .functor AND 1, L_0x100f500, L_0x100f710, C4<1>, C4<1>;
L_0xffe270 .functor AND 1, L_0x100f940, L_0x100f5f0, C4<1>, C4<1>;
L_0x100ff70 .functor AND 1, L_0x100fc50, L_0x100fe80, C4<1>, C4<1>;
L_0x7fe8bb02a450 .functor BUFT 1, C4<0101>, C4<0>, C4<0>, C4<0>;
v0xff3ed0_0 .net/2u *"_ivl_100", 3 0, L_0x7fe8bb02a450;  1 drivers
L_0x7fe8bb02a498 .functor BUFT 1, C4<0110>, C4<0>, C4<0>, C4<0>;
v0xff3fb0_0 .net/2u *"_ivl_104", 3 0, L_0x7fe8bb02a498;  1 drivers
L_0x7fe8bb02a4e0 .functor BUFT 1, C4<0111>, C4<0>, C4<0>, C4<0>;
v0xff4090_0 .net/2u *"_ivl_108", 3 0, L_0x7fe8bb02a4e0;  1 drivers
L_0x7fe8bb02a528 .functor BUFT 1, C4<1000>, C4<0>, C4<0>, C4<0>;
v0xff4150_0 .net/2u *"_ivl_112", 3 0, L_0x7fe8bb02a528;  1 drivers
L_0x7fe8bb02a570 .functor BUFT 1, C4<1001>, C4<0>, C4<0>, C4<0>;
v0xff4230_0 .net/2u *"_ivl_116", 3 0, L_0x7fe8bb02a570;  1 drivers
L_0x7fe8bb02a018 .functor BUFT 1, C4<1000>, C4<0>, C4<0>, C4<0>;
v0xff4360_0 .net/2u *"_ivl_12", 3 0, L_0x7fe8bb02a018;  1 drivers
L_0x7fe8bb02a5b8 .functor BUFT 1, C4<1010>, C4<0>, C4<0>, C4<0>;
v0xff4440_0 .net/2u *"_ivl_120", 3 0, L_0x7fe8bb02a5b8;  1 drivers
L_0x7fe8bb02a600 .functor BUFT 1, C4<1011>, C4<0>, C4<0>, C4<0>;
v0xff4520_0 .net/2u *"_ivl_124", 3 0, L_0x7fe8bb02a600;  1 drivers
L_0x7fe8bb02a648 .functor BUFT 1, C4<1100>, C4<0>, C4<0>, C4<0>;
v0xff4600_0 .net/2u *"_ivl_128", 3 0, L_0x7fe8bb02a648;  1 drivers
L_0x7fe8bb02a690 .functor BUFT 1, C4<1111>, C4<0>, C4<0>, C4<0>;
v0xff46e0_0 .net/2u *"_ivl_132", 3 0, L_0x7fe8bb02a690;  1 drivers
v0xff47c0_0 .net *"_ivl_134", 0 0, L_0xfff0f0;  1 drivers
L_0x7fe8bb02a6d8 .functor BUFT 1, C4<000000000001>, C4<0>, C4<0>, C4<0>;
v0xff4880_0 .net/2u *"_ivl_136", 11 0, L_0x7fe8bb02a6d8;  1 drivers
v0xff4960_0 .net *"_ivl_138", 0 0, L_0x100f300;  1 drivers
v0xff4a20_0 .net *"_ivl_14", 0 0, L_0xffc1d0;  1 drivers
L_0x7fe8bb02a720 .functor BUFT 1, C4<1111>, C4<0>, C4<0>, C4<0>;
v0xff4ae0_0 .net/2u *"_ivl_142", 3 0, L_0x7fe8bb02a720;  1 drivers
v0xff4bc0_0 .net *"_ivl_144", 0 0, L_0x100f500;  1 drivers
L_0x7fe8bb02a768 .functor BUFT 1, C4<000000000010>, C4<0>, C4<0>, C4<0>;
v0xff4c80_0 .net/2u *"_ivl_146", 11 0, L_0x7fe8bb02a768;  1 drivers
v0xff4d60_0 .net *"_ivl_148", 0 0, L_0x100f710;  1 drivers
L_0x7fe8bb02a7b0 .functor BUFT 1, C4<1111>, C4<0>, C4<0>, C4<0>;
v0xff4e20_0 .net/2u *"_ivl_152", 3 0, L_0x7fe8bb02a7b0;  1 drivers
v0xff4f00_0 .net *"_ivl_154", 0 0, L_0x100f940;  1 drivers
L_0x7fe8bb02a7f8 .functor BUFT 1, C4<111111111111>, C4<0>, C4<0>, C4<0>;
v0xff4fc0_0 .net/2u *"_ivl_156", 11 0, L_0x7fe8bb02a7f8;  1 drivers
v0xff50a0_0 .net *"_ivl_158", 0 0, L_0x100f5f0;  1 drivers
L_0x7fe8bb02a060 .functor BUFT 1, C4<1001>, C4<0>, C4<0>, C4<0>;
v0xff5160_0 .net/2u *"_ivl_16", 3 0, L_0x7fe8bb02a060;  1 drivers
L_0x7fe8bb02a840 .functor BUFT 1, C4<1111>, C4<0>, C4<0>, C4<0>;
v0xff5240_0 .net/2u *"_ivl_162", 3 0, L_0x7fe8bb02a840;  1 drivers
v0xff5320_0 .net *"_ivl_164", 0 0, L_0x100fc50;  1 drivers
L_0x7fe8bb02a888 .functor BUFT 1, C4<101010101010>, C4<0>, C4<0>, C4<0>;
v0xff53e0_0 .net/2u *"_ivl_166", 11 0, L_0x7fe8bb02a888;  1 drivers
v0xff54c0_0 .net *"_ivl_168", 0 0, L_0x100fe80;  1 drivers
v0xff5580_0 .net *"_ivl_18", 0 0, L_0xffc350;  1 drivers
v0xff5640_0 .net *"_ivl_21", 0 0, L_0xfd8dc0;  1 drivers
L_0x7fe8bb02a0a8 .functor BUFT 1, C4<1010>, C4<0>, C4<0>, C4<0>;
v0xff5700_0 .net/2u *"_ivl_22", 3 0, L_0x7fe8bb02a0a8;  1 drivers
v0xff57e0_0 .net *"_ivl_24", 0 0, L_0xffc4e0;  1 drivers
v0xff58a0_0 .net *"_ivl_27", 0 0, L_0xfd5660;  1 drivers
L_0x7fe8bb02a0f0 .functor BUFT 1, C4<1011>, C4<0>, C4<0>, C4<0>;
v0xff5960_0 .net/2u *"_ivl_28", 3 0, L_0x7fe8bb02a0f0;  1 drivers
v0xff5a40_0 .net *"_ivl_30", 0 0, L_0xffc700;  1 drivers
v0xff5b00_0 .net *"_ivl_33", 0 0, L_0xffc7f0;  1 drivers
L_0x7fe8bb02a138 .functor BUFT 1, C4<1000>, C4<0>, C4<0>, C4<0>;
v0xff5bc0_0 .net/2u *"_ivl_36", 3 0, L_0x7fe8bb02a138;  1 drivers
v0xff5ca0_0 .net *"_ivl_38", 0 0, L_0xffcad0;  1 drivers
L_0x7fe8bb02a180 .functor BUFT 1, C4<1001>, C4<0>, C4<0>, C4<0>;
v0xff5d60_0 .net/2u *"_ivl_40", 3 0, L_0x7fe8bb02a180;  1 drivers
v0xff5e40_0 .net *"_ivl_42", 0 0, L_0xffcbc0;  1 drivers
v0xff5f00_0 .net *"_ivl_45", 0 0, L_0xffcd20;  1 drivers
L_0x7fe8bb02a1c8 .functor BUFT 1, C4<1010>, C4<0>, C4<0>, C4<0>;
v0xff5fc0_0 .net/2u *"_ivl_46", 3 0, L_0x7fe8bb02a1c8;  1 drivers
v0xff60a0_0 .net *"_ivl_48", 0 0, L_0xffce30;  1 drivers
v0xff6160_0 .net *"_ivl_51", 0 0, L_0xffcf20;  1 drivers
L_0x7fe8bb02a210 .functor BUFT 1, C4<1011>, C4<0>, C4<0>, C4<0>;
v0xff6220_0 .net/2u *"_ivl_52", 3 0, L_0x7fe8bb02a210;  1 drivers
v0xff6300_0 .net *"_ivl_54", 0 0, L_0xffd070;  1 drivers
v0xff63c0_0 .net *"_ivl_57", 0 0, L_0xffccb0;  1 drivers
L_0x7fe8bb02a258 .functor BUFT 1, C4<0001>, C4<0>, C4<0>, C4<0>;
v0xff6480_0 .net/2u *"_ivl_64", 3 0, L_0x7fe8bb02a258;  1 drivers
L_0x7fe8bb02a2a0 .functor BUFT 1, C4<0010>, C4<0>, C4<0>, C4<0>;
v0xff6560_0 .net/2u *"_ivl_68", 3 0, L_0x7fe8bb02a2a0;  1 drivers
L_0x7fe8bb02a2e8 .functor BUFT 1, C4<0011>, C4<0>, C4<0>, C4<0>;
v0xff6640_0 .net/2u *"_ivl_72", 3 0, L_0x7fe8bb02a2e8;  1 drivers
v0xff6720_0 .net *"_ivl_74", 0 0, L_0xffd880;  1 drivers
v0xff67e0_0 .net *"_ivl_77", 0 0, L_0xffd970;  1 drivers
v0xff68c0_0 .net/2u *"_ivl_78", 0 0, L_0x7fe8bb02a330;  1 drivers
v0xff69a0_0 .net *"_ivl_80", 0 0, L_0xffdbd0;  1 drivers
L_0x7fe8bb02a378 .functor BUFT 1, C4<0011>, C4<0>, C4<0>, C4<0>;
v0xff6a60_0 .net/2u *"_ivl_84", 3 0, L_0x7fe8bb02a378;  1 drivers
v0xff6b40_0 .net *"_ivl_86", 0 0, L_0xffd7e0;  1 drivers
v0xff6c00_0 .net *"_ivl_89", 0 0, L_0xffdea0;  1 drivers
v0xff6ce0_0 .net/2u *"_ivl_90", 0 0, L_0x7fe8bb02a3c0;  1 drivers
v0xff6dc0_0 .net *"_ivl_92", 0 0, L_0xffe000;  1 drivers
L_0x7fe8bb02a408 .functor BUFT 1, C4<0100>, C4<0>, C4<0>, C4<0>;
v0xff6e80_0 .net/2u *"_ivl_96", 3 0, L_0x7fe8bb02a408;  1 drivers
v0xff6f60_0 .net "addi_po", 0 0, L_0xffe2e0;  alias, 1 drivers
v0xff7000_0 .net "alu_func_po", 2 0, L_0xffd520;  alias, 1 drivers
v0xff70a0_0 .net "arith_1op_po", 0 0, L_0xffd6f0;  alias, 1 drivers
v0xff7170_0 .net "arith_2op_po", 0 0, L_0xffd650;  alias, 1 drivers
v0xff7240_0 .net "branch_carry_po", 0 0, L_0xffedc0;  alias, 1 drivers
v0xff7310_0 .net "branch_eq_po", 0 0, L_0xffea00;  alias, 1 drivers
v0xff77f0_0 .net "branch_ge_po", 0 0, L_0xffeaf0;  alias, 1 drivers
v0xff78c0_0 .net "branch_le_po", 0 0, L_0xffecd0;  alias, 1 drivers
v0xff7990_0 .net "destination", 2 0, L_0xffbed0;  1 drivers
v0xff7a30_0 .net "destination_reg_po", 2 0, L_0xfbc7f0;  alias, 1 drivers
v0xff7ad0_0 .net "halt_cmd_po", 0 0, L_0xffe270;  alias, 1 drivers
v0xff7b70_0 .net "immediate", 11 0, L_0xffc0e0;  1 drivers
v0xff7c10_0 .net "immediate_po", 11 0, L_0xffd3c0;  alias, 1 drivers
v0xff7cf0_0 .net "instruction_pi", 15 0, v0xffb2f0_0;  1 drivers
v0xff7dd0_0 .net "jump_po", 0 0, L_0xffefb0;  alias, 1 drivers
v0xff7e90_0 .net "load_po", 0 0, L_0xffe6a0;  alias, 1 drivers
v0xff7f50_0 .net "movi_higher_po", 0 0, L_0xffe110;  alias, 1 drivers
v0xff8010_0 .net "movi_lower_po", 0 0, L_0xffdce0;  alias, 1 drivers
v0xff80d0_0 .net "opcode", 3 0, L_0xffbde0;  1 drivers
v0xff81b0_0 .net "rst_cmd_po", 0 0, L_0x100ff70;  alias, 1 drivers
v0xff8270_0 .net "source1", 2 0, L_0xffbf70;  1 drivers
v0xff8350_0 .net "source2", 2 0, L_0xffc010;  1 drivers
v0xff8430_0 .net "source_reg1_po", 2 0, L_0xffc930;  alias, 1 drivers
v0xff8510_0 .net "source_reg2_po", 2 0, L_0xffd280;  alias, 1 drivers
v0xff85f0_0 .net "stb_cmd_po", 0 0, L_0x100f7b0;  alias, 1 drivers
v0xff86c0_0 .net "stc_cmd_po", 0 0, L_0x100f3f0;  alias, 1 drivers
v0xff8790_0 .net "store_po", 0 0, L_0xffe7e0;  alias, 1 drivers
v0xff8830_0 .net "subi_po", 0 0, L_0xffe3d0;  alias, 1 drivers
L_0xffbde0 .part v0xffb2f0_0, 12, 4;
L_0xffbed0 .part v0xffb2f0_0, 9, 3;
L_0xffbf70 .part v0xffb2f0_0, 6, 3;
L_0xffc010 .part v0xffb2f0_0, 3, 3;
L_0xffc0e0 .part v0xffb2f0_0, 0, 12;
L_0xffc1d0 .cmp/eq 4, L_0xffbde0, L_0x7fe8bb02a018;
L_0xffc350 .cmp/eq 4, L_0xffbde0, L_0x7fe8bb02a060;
L_0xffc4e0 .cmp/eq 4, L_0xffbde0, L_0x7fe8bb02a0a8;
L_0xffc700 .cmp/eq 4, L_0xffbde0, L_0x7fe8bb02a0f0;
L_0xffc930 .functor MUXZ 3, L_0xffbf70, L_0xffbed0, L_0xffc7f0, C4<>;
L_0xffcad0 .cmp/eq 4, L_0xffbde0, L_0x7fe8bb02a138;
L_0xffcbc0 .cmp/eq 4, L_0xffbde0, L_0x7fe8bb02a180;
L_0xffce30 .cmp/eq 4, L_0xffbde0, L_0x7fe8bb02a1c8;
L_0xffd070 .cmp/eq 4, L_0xffbde0, L_0x7fe8bb02a210;
L_0xffd280 .functor MUXZ 3, L_0xffc010, L_0xffbf70, L_0xffccb0, C4<>;
L_0xffd520 .part v0xffb2f0_0, 0, 3;
L_0xffd650 .cmp/eq 4, L_0xffbde0, L_0x7fe8bb02a258;
L_0xffd6f0 .cmp/eq 4, L_0xffbde0, L_0x7fe8bb02a2a0;
L_0xffd880 .cmp/eq 4, L_0xffbde0, L_0x7fe8bb02a2e8;
L_0xffd970 .part v0xffb2f0_0, 8, 1;
L_0xffd7e0 .cmp/eq 4, L_0xffbde0, L_0x7fe8bb02a378;
L_0xffdea0 .part v0xffb2f0_0, 8, 1;
L_0xffe2e0 .cmp/eq 4, L_0xffbde0, L_0x7fe8bb02a408;
L_0xffe3d0 .cmp/eq 4, L_0xffbde0, L_0x7fe8bb02a450;
L_0xffe6a0 .cmp/eq 4, L_0xffbde0, L_0x7fe8bb02a498;
L_0xffe7e0 .cmp/eq 4, L_0xffbde0, L_0x7fe8bb02a4e0;
L_0xffea00 .cmp/eq 4, L_0xffbde0, L_0x7fe8bb02a528;
L_0xffeaf0 .cmp/eq 4, L_0xffbde0, L_0x7fe8bb02a570;
L_0xffecd0 .cmp/eq 4, L_0xffbde0, L_0x7fe8bb02a5b8;
L_0xffedc0 .cmp/eq 4, L_0xffbde0, L_0x7fe8bb02a600;
L_0xffefb0 .cmp/eq 4, L_0xffbde0, L_0x7fe8bb02a648;
L_0xfff0f0 .cmp/eq 4, L_0xffbde0, L_0x7fe8bb02a690;
L_0x100f300 .cmp/eq 12, L_0xffc0e0, L_0x7fe8bb02a6d8;
L_0x100f500 .cmp/eq 4, L_0xffbde0, L_0x7fe8bb02a720;
L_0x100f710 .cmp/eq 12, L_0xffc0e0, L_0x7fe8bb02a768;
L_0x100f940 .cmp/eq 4, L_0xffbde0, L_0x7fe8bb02a7b0;
L_0x100f5f0 .cmp/eq 12, L_0xffc0e0, L_0x7fe8bb02a7f8;
L_0x100fc50 .cmp/eq 4, L_0xffbde0, L_0x7fe8bb02a840;
L_0x100fe80 .cmp/eq 12, L_0xffc0e0, L_0x7fe8bb02a888;
S_0xff8ba0 .scope module, "myRegfile" "regfile" 2 100, 6 2 0, S_0xfd0b90;
 .timescale -9 -9;
    .port_info 0 /INPUT 3 "source_reg1_pi";
    .port_info 1 /INPUT 3 "source_reg2_pi";
    .port_info 2 /INPUT 1 "new_carry_pi";
    .port_info 3 /INOUT 1 "new_borrow_pi";
    .port_info 4 /OUTPUT 16 "reg1_data_po";
    .port_info 5 /OUTPUT 16 "reg2_data_po";
    .port_info 6 /OUTPUT 1 "current_carry_po";
    .port_info 7 /OUTPUT 1 "current_borrow_po";
P_0xff8d30 .param/l "NUM_REG" 0 6 13, +C4<00000000000000000000000000001000>;
L_0x1010400 .functor BUFZ 16, L_0x1010270, C4<0000000000000000>, C4<0000000000000000>, C4<0000000000000000>;
L_0x10108a0 .functor BUFZ 16, L_0x1010470, C4<0000000000000000>, C4<0000000000000000>, C4<0000000000000000>;
L_0x10109a0 .functor BUFZ 1, v0xff9000_0, C4<0>, C4<0>, C4<0>;
L_0x1010aa0 .functor BUFZ 1, v0xff8f20_0, C4<0>, C4<0>, C4<0>;
v0xff8f20_0 .var "BORROW_FLAG", 0 0;
v0xff9000_0 .var "CARRY_FLAG", 0 0;
v0xff90c0 .array "REG_FILE", 0 7, 15 0;
v0xff9190_0 .net *"_ivl_0", 15 0, L_0x1010270;  1 drivers
v0xff9270_0 .net *"_ivl_10", 4 0, L_0x1010510;  1 drivers
L_0x7fe8bb02a918 .functor BUFT 1, C4<00>, C4<0>, C4<0>, C4<0>;
v0xff93a0_0 .net *"_ivl_13", 1 0, L_0x7fe8bb02a918;  1 drivers
v0xff9480_0 .net *"_ivl_2", 4 0, L_0x1010310;  1 drivers
L_0x7fe8bb02a8d0 .functor BUFT 1, C4<00>, C4<0>, C4<0>, C4<0>;
v0xff9560_0 .net *"_ivl_5", 1 0, L_0x7fe8bb02a8d0;  1 drivers
v0xff9640_0 .net *"_ivl_8", 15 0, L_0x1010470;  1 drivers
v0xff9720_0 .net "current_borrow_po", 0 0, L_0x1010aa0;  alias, 1 drivers
v0xff97c0_0 .net "current_carry_po", 0 0, L_0x10109a0;  alias, 1 drivers
v0xff9860_0 .var/i "i", 31 0;
v0xff9920_0 .net "new_borrow_pi", 0 0, v0xff27a0_0;  alias, 1 drivers
v0xff99c0_0 .net "new_carry_pi", 0 0, v0xff2920_0;  alias, 1 drivers
v0xff9a90_0 .net "reg1_data_po", 15 0, L_0x1010400;  alias, 1 drivers
v0xff9b80_0 .net "reg2_data_po", 15 0, L_0x10108a0;  alias, 1 drivers
v0xff9c70_0 .net "source_reg1_pi", 2 0, L_0xffc930;  alias, 1 drivers
v0xff9d30_0 .net "source_reg2_pi", 2 0, L_0xffd280;  alias, 1 drivers
L_0x1010270 .array/port v0xff90c0, L_0x1010310;
L_0x1010310 .concat [ 3 2 0 0], L_0xffc930, L_0x7fe8bb02a8d0;
L_0x1010470 .array/port v0xff90c0, L_0x1010510;
L_0x1010510 .concat [ 3 2 0 0], L_0xffd280, L_0x7fe8bb02a918;
    .scope S_0xfbc600;
T_0 ;
    %wait E_0xf9eb60;
    %pushi/vec4 0, 0, 16;
    %store/vec4 v0xff2450_0, 0, 16;
    %load/vec4 v0xff2860_0;
    %store/vec4 v0xff2920_0, 0, 1;
    %load/vec4 v0xff26e0_0;
    %store/vec4 v0xff27a0_0, 0, 1;
    %load/vec4 v0xff2510_0;
    %flag_set/vec4 8;
    %jmp/0xz  T_0.0, 8;
    %load/vec4 v0xff2370_0;
    %dup/vec4;
    %pushi/vec4 0, 0, 3;
    %cmp/u;
    %jmp/1 T_0.2, 6;
    %dup/vec4;
    %pushi/vec4 1, 0, 3;
    %cmp/u;
    %jmp/1 T_0.3, 6;
    %dup/vec4;
    %pushi/vec4 2, 0, 3;
    %cmp/u;
    %jmp/1 T_0.4, 6;
    %dup/vec4;
    %pushi/vec4 3, 0, 3;
    %cmp/u;
    %jmp/1 T_0.5, 6;
    %pushi/vec4 0, 0, 16;
    %store/vec4 v0xff2450_0, 0, 16;
    %jmp T_0.7;
T_0.2 ;
    %load/vec4 v0xff2b80_0;
    %inv;
    %store/vec4 v0xff2450_0, 0, 16;
    %jmp T_0.7;
T_0.3 ;
    %load/vec4 v0xff2b80_0;
    %ix/load 4, 1, 0;
    %flag_set/imm 4, 0;
    %shiftl 4;
    %store/vec4 v0xff2450_0, 0, 16;
    %jmp T_0.7;
T_0.4 ;
    %load/vec4 v0xff2b80_0;
    %ix/load 4, 1, 0;
    %flag_set/imm 4, 0;
    %shiftr 4;
    %store/vec4 v0xff2450_0, 0, 16;
    %jmp T_0.7;
T_0.5 ;
    %load/vec4 v0xff2b80_0;
    %store/vec4 v0xff2450_0, 0, 16;
    %jmp T_0.7;
T_0.7 ;
    %pop/vec4 1;
    %jmp T_0.1;
T_0.0 ;
    %load/vec4 v0xff25d0_0;
    %flag_set/vec4 8;
    %jmp/0xz  T_0.8, 8;
    %load/vec4 v0xff2370_0;
    %dup/vec4;
    %pushi/vec4 0, 0, 3;
    %cmp/u;
    %jmp/1 T_0.10, 6;
    %dup/vec4;
    %pushi/vec4 1, 0, 3;
    %cmp/u;
    %jmp/1 T_0.11, 6;
    %dup/vec4;
    %pushi/vec4 2, 0, 3;
    %cmp/u;
    %jmp/1 T_0.12, 6;
    %dup/vec4;
    %pushi/vec4 3, 0, 3;
    %cmp/u;
    %jmp/1 T_0.13, 6;
    %dup/vec4;
    %pushi/vec4 4, 0, 3;
    %cmp/u;
    %jmp/1 T_0.14, 6;
    %dup/vec4;
    %pushi/vec4 5, 0, 3;
    %cmp/u;
    %jmp/1 T_0.15, 6;
    %dup/vec4;
    %pushi/vec4 6, 0, 3;
    %cmp/u;
    %jmp/1 T_0.16, 6;
    %dup/vec4;
    %pushi/vec4 7, 0, 3;
    %cmp/u;
    %jmp/1 T_0.17, 6;
    %pushi/vec4 0, 0, 16;
    %store/vec4 v0xff2450_0, 0, 16;
    %jmp T_0.19;
T_0.10 ;
    %load/vec4 v0xff2b80_0;
    %pad/u 17;
    %load/vec4 v0xff2c60_0;
    %pad/u 17;
    %add;
    %split/vec4 16;
    %store/vec4 v0xff2450_0, 0, 16;
    %store/vec4 v0xff2920_0, 0, 1;
    %jmp T_0.19;
T_0.11 ;
    %load/vec4 v0xff2b80_0;
    %pad/u 17;
    %load/vec4 v0xff2c60_0;
    %pad/u 17;
    %add;
    %load/vec4 v0xff2860_0;
    %pad/u 17;
    %add;
    %split/vec4 16;
    %store/vec4 v0xff2450_0, 0, 16;
    %store/vec4 v0xff2920_0, 0, 1;
    %jmp T_0.19;
T_0.12 ;
    %load/vec4 v0xff2b80_0;
    %pad/u 17;
    %load/vec4 v0xff2c60_0;
    %pad/u 17;
    %sub;
    %split/vec4 16;
    %store/vec4 v0xff2450_0, 0, 16;
    %store/vec4 v0xff27a0_0, 0, 1;
    %jmp T_0.19;
T_0.13 ;
    %load/vec4 v0xff2b80_0;
    %pad/u 17;
    %load/vec4 v0xff2c60_0;
    %pad/u 17;
    %sub;
    %load/vec4 v0xff26e0_0;
    %pad/u 17;
    %sub;
    %split/vec4 16;
    %store/vec4 v0xff2450_0, 0, 16;
    %store/vec4 v0xff27a0_0, 0, 1;
    %jmp T_0.19;
T_0.14 ;
    %load/vec4 v0xff2b80_0;
    %load/vec4 v0xff2c60_0;
    %and;
    %store/vec4 v0xff2450_0, 0, 16;
    %jmp T_0.19;
T_0.15 ;
    %load/vec4 v0xff2b80_0;
    %load/vec4 v0xff2c60_0;
    %or;
    %store/vec4 v0xff2450_0, 0, 16;
    %jmp T_0.19;
T_0.16 ;
    %load/vec4 v0xff2b80_0;
    %load/vec4 v0xff2c60_0;
    %xor;
    %store/vec4 v0xff2450_0, 0, 16;
    %jmp T_0.19;
T_0.17 ;
    %load/vec4 v0xff2b80_0;
    %load/vec4 v0xff2c60_0;
    %xor;
    %inv;
    %store/vec4 v0xff2450_0, 0, 16;
    %jmp T_0.19;
T_0.19 ;
    %pop/vec4 1;
T_0.8 ;
T_0.1 ;
    %load/vec4 v0xfd5870_0;
    %flag_set/vec4 8;
    %jmp/0xz  T_0.20, 8;
    %load/vec4 v0xff2b80_0;
    %pad/u 17;
    %load/vec4 v0xff29e0_0;
    %pad/u 17;
    %add;
    %split/vec4 16;
    %store/vec4 v0xff2450_0, 0, 16;
    %store/vec4 v0xff2920_0, 0, 1;
    %jmp T_0.21;
T_0.20 ;
    %load/vec4 v0xff2ec0_0;
    %flag_set/vec4 8;
    %jmp/0xz  T_0.22, 8;
    %load/vec4 v0xff2b80_0;
    %pad/u 17;
    %load/vec4 v0xff29e0_0;
    %pad/u 17;
    %sub;
    %split/vec4 16;
    %store/vec4 v0xff2450_0, 0, 16;
    %store/vec4 v0xff27a0_0, 0, 1;
T_0.22 ;
T_0.21 ;
    %load/vec4 v0xff2ac0_0;
    %flag_set/vec4 8;
    %jmp/0xz  T_0.24, 8;
    %load/vec4 v0xff2b80_0;
    %load/vec4 v0xff29e0_0;
    %pad/u 16;
    %add;
    %store/vec4 v0xff2450_0, 0, 16;
T_0.24 ;
    %load/vec4 v0xff2e00_0;
    %flag_set/vec4 8;
    %jmp/0xz  T_0.26, 8;
    %pushi/vec4 1, 0, 1;
    %store/vec4 v0xff2920_0, 0, 1;
T_0.26 ;
    %load/vec4 v0xff2d40_0;
    %flag_set/vec4 8;
    %jmp/0xz  T_0.28, 8;
    %pushi/vec4 1, 0, 1;
    %store/vec4 v0xff27a0_0, 0, 1;
T_0.28 ;
    %jmp T_0;
    .thread T_0, $push;
    .scope S_0xff8ba0;
T_1 ;
    %pushi/vec4 0, 0, 32;
    %store/vec4 v0xff9860_0, 0, 32;
T_1.0 ;
    %load/vec4 v0xff9860_0;
    %cmpi/s 8, 0, 32;
    %jmp/0xz T_1.1, 5;
    %load/vec4 v0xff9860_0;
    %addi 1, 0, 32;
    %pad/s 16;
    %ix/getv/s 4, v0xff9860_0;
    %store/vec4a v0xff90c0, 4, 0;
    %load/vec4 v0xff9860_0;
    %addi 1, 0, 32;
    %store/vec4 v0xff9860_0, 0, 32;
    %jmp T_1.0;
T_1.1 ;
    %pushi/vec4 1, 0, 1;
    %store/vec4 v0xff9000_0, 0, 1;
    %pushi/vec4 1, 0, 1;
    %store/vec4 v0xff8f20_0, 0, 1;
    %end;
    .thread T_1;
    .scope S_0xfd0b90;
T_2 ;
    %pushi/vec4 0, 0, 32;
    %store/vec4 v0xffb080_0, 0, 32;
T_2.0 ;
    %load/vec4 v0xffb080_0;
    %cmpi/s 9, 0, 32;
    %jmp/0xz T_2.1, 5;
    %load/vec4 v0xffb080_0;
    %dup/vec4;
    %pushi/vec4 0, 0, 32;
    %cmp/u;
    %jmp/1 T_2.2, 6;
    %dup/vec4;
    %pushi/vec4 1, 0, 32;
    %cmp/u;
    %jmp/1 T_2.3, 6;
    %dup/vec4;
    %pushi/vec4 2, 0, 32;
    %cmp/u;
    %jmp/1 T_2.4, 6;
    %dup/vec4;
    %pushi/vec4 3, 0, 32;
    %cmp/u;
    %jmp/1 T_2.5, 6;
    %dup/vec4;
    %pushi/vec4 4, 0, 32;
    %cmp/u;
    %jmp/1 T_2.6, 6;
    %dup/vec4;
    %pushi/vec4 5, 0, 32;
    %cmp/u;
    %jmp/1 T_2.7, 6;
    %dup/vec4;
    %pushi/vec4 6, 0, 32;
    %cmp/u;
    %jmp/1 T_2.8, 6;
    %dup/vec4;
    %pushi/vec4 7, 0, 32;
    %cmp/u;
    %jmp/1 T_2.9, 6;
    %dup/vec4;
    %pushi/vec4 8, 0, 32;
    %cmp/u;
    %jmp/1 T_2.10, 6;
    %pushi/vec4 0, 0, 16;
    %ix/getv/s 4, v0xffb080_0;
    %store/vec4a v0xff9f00, 4, 0;
    %jmp T_2.12;
T_2.2 ;
    %pushi/vec4 33407, 0, 16;
    %ix/load 4, 0, 0;
    %flag_set/imm 4, 0;
    %store/vec4a v0xff9f00, 4, 0;
    %jmp T_2.12;
T_2.3 ;
    %pushi/vec4 33470, 0, 16;
    %ix/load 4, 1, 0;
    %flag_set/imm 4, 0;
    %store/vec4a v0xff9f00, 4, 0;
    %jmp T_2.12;
T_2.4 ;
    %pushi/vec4 37503, 0, 16;
    %ix/load 4, 2, 0;
    %flag_set/imm 4, 0;
    %store/vec4a v0xff9f00, 4, 0;
    %jmp T_2.12;
T_2.5 ;
    %pushi/vec4 37566, 0, 16;
    %ix/load 4, 3, 0;
    %flag_set/imm 4, 0;
    %store/vec4a v0xff9f00, 4, 0;
    %jmp T_2.12;
T_2.6 ;
    %pushi/vec4 38014, 0, 16;
    %ix/load 4, 4, 0;
    %flag_set/imm 4, 0;
    %store/vec4a v0xff9f00, 4, 0;
    %jmp T_2.12;
T_2.7 ;
    %pushi/vec4 41599, 0, 16;
    %ix/load 4, 5, 0;
    %flag_set/imm 4, 0;
    %store/vec4a v0xff9f00, 4, 0;
    %jmp T_2.12;
T_2.8 ;
    %pushi/vec4 41662, 0, 16;
    %ix/load 4, 6, 0;
    %flag_set/imm 4, 0;
    %store/vec4a v0xff9f00, 4, 0;
    %jmp T_2.12;
T_2.9 ;
    %pushi/vec4 42110, 0, 16;
    %ix/load 4, 7, 0;
    %flag_set/imm 4, 0;
    %store/vec4a v0xff9f00, 4, 0;
    %jmp T_2.12;
T_2.10 ;
    %pushi/vec4 45119, 0, 16;
    %ix/load 4, 8, 0;
    %flag_set/imm 4, 0;
    %store/vec4a v0xff9f00, 4, 0;
    %jmp T_2.12;
T_2.12 ;
    %pop/vec4 1;
    %load/vec4 v0xffb080_0;
    %addi 1, 0, 32;
    %store/vec4 v0xffb080_0, 0, 32;
    %jmp T_2.0;
T_2.1 ;
    %vpi_call 2 147 "$display", "*************************************" {0 0 0};
    %vpi_call 2 148 "$display", "\011No.\011Instruction\011\011Decoded Signals\012" {0 0 0};
    %end;
    .thread T_2;
    .scope S_0xfd0b90;
T_3 ;
    %wait E_0xf9dbc0;
    %pushi/vec4 0, 0, 32;
    %store/vec4 v0xffb080_0, 0, 32;
T_3.0 ;
    %load/vec4 v0xffb080_0;
    %cmpi/s 9, 0, 32;
    %jmp/0xz T_3.1, 5;
    %delay 1, 0;
    %ix/getv/s 4, v0xffb080_0;
    %load/vec4a v0xff9f00, 4;
    %store/vec4 v0xffb2f0_0, 0, 16;
    %delay 1, 0;
    %vpi_call 2 157 "$display", "%d.\011%x\011\011%o %o %o %o %o\011%b %b %b %b %b %b %b %b %b %b %b %b %b %b %b %b %b\012", v0xffb080_0, v0xffb2f0_0, v0xffa860_0, v0xffaf40_0, v0xffb890_0, v0xffb980_0, v0xffb230_0, v0xffaa90_0, v0xffa9f0_0, v0xffb610_0, v0xffb570_0, v0xffa3e0_0, v0xffbcf0_0, v0xffb4d0_0, v0xffbc50_0, v0xffac70_0, v0xffad60_0, v0xffae50_0, v0xffab80_0, v0xffb430_0, v0xffbb60_0, v0xffba70_0, v0xffafe0_0, v0xffb7f0_0 {0 0 0};
    %delay 1, 0;
    %vpi_call 2 160 "$display", "\011\011Branch Module Output --- isBranchTaken: %b\012", v0xffb390_0 {0 0 0};
    %load/vec4 v0xffb080_0;
    %addi 1, 0, 32;
    %store/vec4 v0xffb080_0, 0, 32;
    %jmp T_3.0;
T_3.1 ;
    %vpi_call 2 166 "$finish" {0 0 0};
    %jmp T_3;
    .thread T_3, $push;
# The file index is used to find the file name in the following table.
:file_names 7;
    "N/A";
    "<interactive>";
    "tb_branch.v";
    "../alu/alu.v";
    "branch.v";
    "../decoder/decoder.v";
    "regfile.v";
