#! /extra/build/iverilog-12.0/rhel8/bin/vvp
:ivl_version "12.0 (stable)";
:ivl_delay_selection "TYPICAL";
:vpi_time_precision - 9;
:vpi_module "/clear/apps/iverilog-12.0/rhel8/lib/ivl/system.vpi";
:vpi_module "/clear/apps/iverilog-12.0/rhel8/lib/ivl/vhdl_sys.vpi";
:vpi_module "/clear/apps/iverilog-12.0/rhel8/lib/ivl/vhdl_textio.vpi";
:vpi_module "/clear/apps/iverilog-12.0/rhel8/lib/ivl/v2005_math.vpi";
:vpi_module "/clear/apps/iverilog-12.0/rhel8/lib/ivl/va_math.vpi";
S_0x9458a0 .scope module, "alu_testbench" "alu_testbench" 2 2;
 .timescale -9 -9;
P_0x91c4c0 .param/l "NUM_INSTRUCTIONS" 0 2 4, +C4<00000000000000000000000000100000>;
L_0x98b240 .functor OR 1, L_0x979640, L_0x979780, C4<0>, C4<0>;
v0x974d40 .array "INSTRUCTION", 0 31, 15 0;
v0x975220_0 .net "addi", 0 0, L_0x979280;  1 drivers
v0x9752e0_0 .net "alu_borrow_in", 0 0, L_0x98b860;  1 drivers
v0x9753d0_0 .net "alu_borrow_out", 0 0, v0x96e030_0;  1 drivers
v0x9754c0_0 .net "alu_carry_in", 0 0, L_0x98b7f0;  1 drivers
v0x975600_0 .net "alu_carry_out", 0 0, v0x96e1b0_0;  1 drivers
v0x9756f0_0 .net "alu_func", 2 0, L_0x9784c0;  1 drivers
v0x9757e0_0 .net "alu_result", 15 0, v0x96dce0_0;  1 drivers
v0x975880_0 .net "arith_1op", 0 0, L_0x978690;  1 drivers
v0x975920_0 .net "arith_2op", 0 0, L_0x9785f0;  1 drivers
v0x975a10_0 .net "branch_carry", 0 0, L_0x979e50;  1 drivers
v0x975ab0_0 .net "branch_eq", 0 0, L_0x9799a0;  1 drivers
v0x975b50_0 .net "branch_ge", 0 0, L_0x979ae0;  1 drivers
v0x975bf0_0 .net "branch_le", 0 0, L_0x979d10;  1 drivers
v0x975c90_0 .net "destination_reg", 2 0, L_0x902000;  1 drivers
v0x975d30_0 .net "halt_cmd", 0 0, L_0x979210;  1 drivers
v0x975dd0_0 .var/i "i", 31 0;
v0x975f80_0 .net "immediate", 11 0, L_0x978360;  1 drivers
v0x976020_0 .var "instruction", 15 0;
v0x9760f0_0 .net "jump", 0 0, L_0x97a090;  1 drivers
v0x9761c0_0 .net "load", 0 0, L_0x979640;  1 drivers
v0x976290_0 .net "movi_higher", 0 0, L_0x9790b0;  1 drivers
v0x976360_0 .net "movi_lower", 0 0, L_0x978c80;  1 drivers
v0x976430_0 .net "reg1_data", 15 0, L_0x98b4e0;  1 drivers
v0x976520_0 .net "reg2_data", 15 0, L_0x98b730;  1 drivers
v0x976610_0 .net "rst_cmd", 0 0, L_0x98b050;  1 drivers
v0x9766b0_0 .net "source_reg1", 2 0, L_0x9777c0;  1 drivers
v0x9767a0_0 .net "source_reg2", 2 0, L_0x978220;  1 drivers
v0x976890_0 .net "stb_cmd", 0 0, L_0x98a890;  1 drivers
v0x976980_0 .net "stc_cmd", 0 0, L_0x98a4d0;  1 drivers
v0x976a70_0 .net "store", 0 0, L_0x979780;  1 drivers
v0x976b10_0 .net "subi", 0 0, L_0x979370;  1 drivers
v0x974d40_0 .array/port v0x974d40, 0;
v0x974d40_1 .array/port v0x974d40, 1;
v0x974d40_2 .array/port v0x974d40, 2;
v0x974d40_3 .array/port v0x974d40, 3;
E_0x902a20/0 .event anyedge, v0x974d40_0, v0x974d40_1, v0x974d40_2, v0x974d40_3;
v0x974d40_4 .array/port v0x974d40, 4;
v0x974d40_5 .array/port v0x974d40, 5;
v0x974d40_6 .array/port v0x974d40, 6;
v0x974d40_7 .array/port v0x974d40, 7;
E_0x902a20/1 .event anyedge, v0x974d40_4, v0x974d40_5, v0x974d40_6, v0x974d40_7;
v0x974d40_8 .array/port v0x974d40, 8;
v0x974d40_9 .array/port v0x974d40, 9;
v0x974d40_10 .array/port v0x974d40, 10;
v0x974d40_11 .array/port v0x974d40, 11;
E_0x902a20/2 .event anyedge, v0x974d40_8, v0x974d40_9, v0x974d40_10, v0x974d40_11;
v0x974d40_12 .array/port v0x974d40, 12;
v0x974d40_13 .array/port v0x974d40, 13;
v0x974d40_14 .array/port v0x974d40, 14;
v0x974d40_15 .array/port v0x974d40, 15;
E_0x902a20/3 .event anyedge, v0x974d40_12, v0x974d40_13, v0x974d40_14, v0x974d40_15;
v0x974d40_16 .array/port v0x974d40, 16;
v0x974d40_17 .array/port v0x974d40, 17;
v0x974d40_18 .array/port v0x974d40, 18;
v0x974d40_19 .array/port v0x974d40, 19;
E_0x902a20/4 .event anyedge, v0x974d40_16, v0x974d40_17, v0x974d40_18, v0x974d40_19;
v0x974d40_20 .array/port v0x974d40, 20;
v0x974d40_21 .array/port v0x974d40, 21;
v0x974d40_22 .array/port v0x974d40, 22;
v0x974d40_23 .array/port v0x974d40, 23;
E_0x902a20/5 .event anyedge, v0x974d40_20, v0x974d40_21, v0x974d40_22, v0x974d40_23;
v0x974d40_24 .array/port v0x974d40, 24;
v0x974d40_25 .array/port v0x974d40, 25;
v0x974d40_26 .array/port v0x974d40, 26;
v0x974d40_27 .array/port v0x974d40, 27;
E_0x902a20/6 .event anyedge, v0x974d40_24, v0x974d40_25, v0x974d40_26, v0x974d40_27;
v0x974d40_28 .array/port v0x974d40, 28;
v0x974d40_29 .array/port v0x974d40, 29;
v0x974d40_30 .array/port v0x974d40, 30;
v0x974d40_31 .array/port v0x974d40, 31;
E_0x902a20/7 .event anyedge, v0x974d40_28, v0x974d40_29, v0x974d40_30, v0x974d40_31;
E_0x902a20/8 .event anyedge, v0x972c80_0, v0x96dc00_0, v0x972920_0, v0x9733c0_0;
E_0x902a20/9 .event anyedge, v0x9734a0_0, v0x972ba0_0, v0x96de60_0, v0x96dda0_0;
E_0x902a20/10 .event anyedge, v0x972fa0_0, v0x972ee0_0, v0x94ef20_0, v0x96e750_0;
E_0x902a20/11 .event anyedge, v0x972e20_0, v0x9736c0_0, v0x972230_0, v0x9726e0_0;
E_0x902a20/12 .event anyedge, v0x972780_0, v0x972190_0, v0x972d60_0, v0x96e690_0;
E_0x902a20/13 .event anyedge, v0x96e5d0_0, v0x972a00_0, v0x973140_0, v0x96e410_0;
E_0x902a20/14 .event anyedge, v0x96e4f0_0, v0x96e0f0_0, v0x96df70_0, v0x96dce0_0;
E_0x902a20/15 .event anyedge, v0x96e1b0_0, v0x96e030_0;
E_0x902a20 .event/or E_0x902a20/0, E_0x902a20/1, E_0x902a20/2, E_0x902a20/3, E_0x902a20/4, E_0x902a20/5, E_0x902a20/6, E_0x902a20/7, E_0x902a20/8, E_0x902a20/9, E_0x902a20/10, E_0x902a20/11, E_0x902a20/12, E_0x902a20/13, E_0x902a20/14, E_0x902a20/15;
L_0x98b2b0 .part L_0x978360, 0, 6;
S_0x901e10 .scope module, "myALU" "alu" 2 77, 3 37 0, S_0x9458a0;
 .timescale -9 -9;
    .port_info 0 /INPUT 1 "arith_1op_pi";
    .port_info 1 /INPUT 1 "arith_2op_pi";
    .port_info 2 /INPUT 3 "alu_func_pi";
    .port_info 3 /INPUT 1 "addi_pi";
    .port_info 4 /INPUT 1 "subi_pi";
    .port_info 5 /INPUT 1 "load_or_store_pi";
    .port_info 6 /INPUT 16 "reg1_data_pi";
    .port_info 7 /INPUT 16 "reg2_data_pi";
    .port_info 8 /INPUT 6 "immediate_pi";
    .port_info 9 /INPUT 1 "stc_cmd_pi";
    .port_info 10 /INPUT 1 "stb_cmd_pi";
    .port_info 11 /INPUT 1 "carry_in_pi";
    .port_info 12 /INPUT 1 "borrow_in_pi";
    .port_info 13 /OUTPUT 16 "alu_result_po";
    .port_info 14 /OUTPUT 1 "carry_out_po";
    .port_info 15 /OUTPUT 1 "borrow_out_po";
v0x94ef20_0 .net "addi_pi", 0 0, L_0x979280;  alias, 1 drivers
v0x96dc00_0 .net "alu_func_pi", 2 0, L_0x9784c0;  alias, 1 drivers
v0x96dce0_0 .var "alu_result_po", 15 0;
v0x96dda0_0 .net "arith_1op_pi", 0 0, L_0x978690;  alias, 1 drivers
v0x96de60_0 .net "arith_2op_pi", 0 0, L_0x9785f0;  alias, 1 drivers
v0x96df70_0 .net "borrow_in_pi", 0 0, L_0x98b860;  alias, 1 drivers
v0x96e030_0 .var "borrow_out_po", 0 0;
v0x96e0f0_0 .net "carry_in_pi", 0 0, L_0x98b7f0;  alias, 1 drivers
v0x96e1b0_0 .var "carry_out_po", 0 0;
v0x96e270_0 .net "immediate_pi", 5 0, L_0x98b2b0;  1 drivers
v0x96e350_0 .net "load_or_store_pi", 0 0, L_0x98b240;  1 drivers
v0x96e410_0 .net "reg1_data_pi", 15 0, L_0x98b4e0;  alias, 1 drivers
v0x96e4f0_0 .net "reg2_data_pi", 15 0, L_0x98b730;  alias, 1 drivers
v0x96e5d0_0 .net "stb_cmd_pi", 0 0, L_0x98a890;  alias, 1 drivers
v0x96e690_0 .net "stc_cmd_pi", 0 0, L_0x98a4d0;  alias, 1 drivers
v0x96e750_0 .net "subi_pi", 0 0, L_0x979370;  alias, 1 drivers
E_0x903950/0 .event anyedge, v0x96e0f0_0, v0x96df70_0, v0x96dda0_0, v0x96dc00_0;
E_0x903950/1 .event anyedge, v0x96e410_0, v0x96de60_0, v0x96e4f0_0, v0x94ef20_0;
E_0x903950/2 .event anyedge, v0x96e270_0, v0x96e750_0, v0x96e350_0, v0x96e690_0;
E_0x903950/3 .event anyedge, v0x96e5d0_0;
E_0x903950 .event/or E_0x903950/0, E_0x903950/1, E_0x903950/2, E_0x903950/3;
S_0x96eaa0 .scope module, "myDecoder" "decoder" 2 50, 4 44 0, S_0x9458a0;
 .timescale -9 -9;
    .port_info 0 /INPUT 16 "instruction_pi";
    .port_info 1 /OUTPUT 3 "alu_func_po";
    .port_info 2 /OUTPUT 3 "destination_reg_po";
    .port_info 3 /OUTPUT 3 "source_reg1_po";
    .port_info 4 /OUTPUT 3 "source_reg2_po";
    .port_info 5 /OUTPUT 12 "immediate_po";
    .port_info 6 /OUTPUT 1 "arith_2op_po";
    .port_info 7 /OUTPUT 1 "arith_1op_po";
    .port_info 8 /OUTPUT 1 "movi_lower_po";
    .port_info 9 /OUTPUT 1 "movi_higher_po";
    .port_info 10 /OUTPUT 1 "addi_po";
    .port_info 11 /OUTPUT 1 "subi_po";
    .port_info 12 /OUTPUT 1 "load_po";
    .port_info 13 /OUTPUT 1 "store_po";
    .port_info 14 /OUTPUT 1 "branch_eq_po";
    .port_info 15 /OUTPUT 1 "branch_ge_po";
    .port_info 16 /OUTPUT 1 "branch_le_po";
    .port_info 17 /OUTPUT 1 "branch_carry_po";
    .port_info 18 /OUTPUT 1 "jump_po";
    .port_info 19 /OUTPUT 1 "stc_cmd_po";
    .port_info 20 /OUTPUT 1 "stb_cmd_po";
    .port_info 21 /OUTPUT 1 "halt_cmd_po";
    .port_info 22 /OUTPUT 1 "rst_cmd_po";
L_0x902000 .functor BUFZ 3, L_0x976cf0, C4<000>, C4<000>, C4<000>;
L_0x94ed10 .functor OR 1, L_0x976ff0, L_0x977170, C4<0>, C4<0>;
L_0x977480 .functor OR 1, L_0x94ed10, L_0x977300, C4<0>, C4<0>;
L_0x977680 .functor OR 1, L_0x977480, L_0x977590, C4<0>, C4<0>;
L_0x977bb0 .functor OR 1, L_0x977960, L_0x977a50, C4<0>, C4<0>;
L_0x977ec0 .functor OR 1, L_0x977bb0, L_0x977cc0, C4<0>, C4<0>;
L_0x977b40 .functor OR 1, L_0x977ec0, L_0x978010, C4<0>, C4<0>;
L_0x978360 .functor BUFZ 12, L_0x976f00, C4<000000000000>, C4<000000000000>, C4<000000000000>;
L_0x7fc1a9b86330 .functor BUFT 1, C4<0>, C4<0>, C4<0>, C4<0>;
L_0x978b70 .functor XNOR 1, L_0x978910, L_0x7fc1a9b86330, C4<0>, C4<0>;
L_0x978c80 .functor AND 1, L_0x978820, L_0x978b70, C4<1>, C4<1>;
L_0x7fc1a9b863c0 .functor BUFT 1, C4<1>, C4<0>, C4<0>, C4<0>;
L_0x978fa0 .functor XNOR 1, L_0x978e40, L_0x7fc1a9b863c0, C4<0>, C4<0>;
L_0x9790b0 .functor AND 1, L_0x978780, L_0x978fa0, C4<1>, C4<1>;
L_0x98a4d0 .functor AND 1, L_0x97a1d0, L_0x98a3e0, C4<1>, C4<1>;
L_0x98a890 .functor AND 1, L_0x98a5e0, L_0x98a7f0, C4<1>, C4<1>;
L_0x979210 .functor AND 1, L_0x98aa20, L_0x98a6d0, C4<1>, C4<1>;
L_0x98b050 .functor AND 1, L_0x98ad30, L_0x98af60, C4<1>, C4<1>;
L_0x7fc1a9b86450 .functor BUFT 1, C4<0101>, C4<0>, C4<0>, C4<0>;
v0x96ee80_0 .net/2u *"_ivl_100", 3 0, L_0x7fc1a9b86450;  1 drivers
L_0x7fc1a9b86498 .functor BUFT 1, C4<0110>, C4<0>, C4<0>, C4<0>;
v0x96ef60_0 .net/2u *"_ivl_104", 3 0, L_0x7fc1a9b86498;  1 drivers
L_0x7fc1a9b864e0 .functor BUFT 1, C4<0111>, C4<0>, C4<0>, C4<0>;
v0x96f040_0 .net/2u *"_ivl_108", 3 0, L_0x7fc1a9b864e0;  1 drivers
L_0x7fc1a9b86528 .functor BUFT 1, C4<1000>, C4<0>, C4<0>, C4<0>;
v0x96f100_0 .net/2u *"_ivl_112", 3 0, L_0x7fc1a9b86528;  1 drivers
L_0x7fc1a9b86570 .functor BUFT 1, C4<1001>, C4<0>, C4<0>, C4<0>;
v0x96f1e0_0 .net/2u *"_ivl_116", 3 0, L_0x7fc1a9b86570;  1 drivers
L_0x7fc1a9b86018 .functor BUFT 1, C4<1000>, C4<0>, C4<0>, C4<0>;
v0x96f310_0 .net/2u *"_ivl_12", 3 0, L_0x7fc1a9b86018;  1 drivers
L_0x7fc1a9b865b8 .functor BUFT 1, C4<1010>, C4<0>, C4<0>, C4<0>;
v0x96f3f0_0 .net/2u *"_ivl_120", 3 0, L_0x7fc1a9b865b8;  1 drivers
L_0x7fc1a9b86600 .functor BUFT 1, C4<1011>, C4<0>, C4<0>, C4<0>;
v0x96f4d0_0 .net/2u *"_ivl_124", 3 0, L_0x7fc1a9b86600;  1 drivers
L_0x7fc1a9b86648 .functor BUFT 1, C4<1100>, C4<0>, C4<0>, C4<0>;
v0x96f5b0_0 .net/2u *"_ivl_128", 3 0, L_0x7fc1a9b86648;  1 drivers
L_0x7fc1a9b86690 .functor BUFT 1, C4<1111>, C4<0>, C4<0>, C4<0>;
v0x96f690_0 .net/2u *"_ivl_132", 3 0, L_0x7fc1a9b86690;  1 drivers
v0x96f770_0 .net *"_ivl_134", 0 0, L_0x97a1d0;  1 drivers
L_0x7fc1a9b866d8 .functor BUFT 1, C4<000000000001>, C4<0>, C4<0>, C4<0>;
v0x96f830_0 .net/2u *"_ivl_136", 11 0, L_0x7fc1a9b866d8;  1 drivers
v0x96f910_0 .net *"_ivl_138", 0 0, L_0x98a3e0;  1 drivers
v0x96f9d0_0 .net *"_ivl_14", 0 0, L_0x976ff0;  1 drivers
L_0x7fc1a9b86720 .functor BUFT 1, C4<1111>, C4<0>, C4<0>, C4<0>;
v0x96fa90_0 .net/2u *"_ivl_142", 3 0, L_0x7fc1a9b86720;  1 drivers
v0x96fb70_0 .net *"_ivl_144", 0 0, L_0x98a5e0;  1 drivers
L_0x7fc1a9b86768 .functor BUFT 1, C4<000000000010>, C4<0>, C4<0>, C4<0>;
v0x96fc30_0 .net/2u *"_ivl_146", 11 0, L_0x7fc1a9b86768;  1 drivers
v0x96fd10_0 .net *"_ivl_148", 0 0, L_0x98a7f0;  1 drivers
L_0x7fc1a9b867b0 .functor BUFT 1, C4<1111>, C4<0>, C4<0>, C4<0>;
v0x96fdd0_0 .net/2u *"_ivl_152", 3 0, L_0x7fc1a9b867b0;  1 drivers
v0x96feb0_0 .net *"_ivl_154", 0 0, L_0x98aa20;  1 drivers
L_0x7fc1a9b867f8 .functor BUFT 1, C4<111111111111>, C4<0>, C4<0>, C4<0>;
v0x96ff70_0 .net/2u *"_ivl_156", 11 0, L_0x7fc1a9b867f8;  1 drivers
v0x970050_0 .net *"_ivl_158", 0 0, L_0x98a6d0;  1 drivers
L_0x7fc1a9b86060 .functor BUFT 1, C4<1001>, C4<0>, C4<0>, C4<0>;
v0x970110_0 .net/2u *"_ivl_16", 3 0, L_0x7fc1a9b86060;  1 drivers
L_0x7fc1a9b86840 .functor BUFT 1, C4<1111>, C4<0>, C4<0>, C4<0>;
v0x9701f0_0 .net/2u *"_ivl_162", 3 0, L_0x7fc1a9b86840;  1 drivers
v0x9702d0_0 .net *"_ivl_164", 0 0, L_0x98ad30;  1 drivers
L_0x7fc1a9b86888 .functor BUFT 1, C4<101010101010>, C4<0>, C4<0>, C4<0>;
v0x970390_0 .net/2u *"_ivl_166", 11 0, L_0x7fc1a9b86888;  1 drivers
v0x970470_0 .net *"_ivl_168", 0 0, L_0x98af60;  1 drivers
v0x970530_0 .net *"_ivl_18", 0 0, L_0x977170;  1 drivers
v0x9705f0_0 .net *"_ivl_21", 0 0, L_0x94ed10;  1 drivers
L_0x7fc1a9b860a8 .functor BUFT 1, C4<1010>, C4<0>, C4<0>, C4<0>;
v0x9706b0_0 .net/2u *"_ivl_22", 3 0, L_0x7fc1a9b860a8;  1 drivers
v0x970790_0 .net *"_ivl_24", 0 0, L_0x977300;  1 drivers
v0x970850_0 .net *"_ivl_27", 0 0, L_0x977480;  1 drivers
L_0x7fc1a9b860f0 .functor BUFT 1, C4<1011>, C4<0>, C4<0>, C4<0>;
v0x970910_0 .net/2u *"_ivl_28", 3 0, L_0x7fc1a9b860f0;  1 drivers
v0x9709f0_0 .net *"_ivl_30", 0 0, L_0x977590;  1 drivers
v0x970ab0_0 .net *"_ivl_33", 0 0, L_0x977680;  1 drivers
L_0x7fc1a9b86138 .functor BUFT 1, C4<1000>, C4<0>, C4<0>, C4<0>;
v0x970b70_0 .net/2u *"_ivl_36", 3 0, L_0x7fc1a9b86138;  1 drivers
v0x970c50_0 .net *"_ivl_38", 0 0, L_0x977960;  1 drivers
L_0x7fc1a9b86180 .functor BUFT 1, C4<1001>, C4<0>, C4<0>, C4<0>;
v0x970d10_0 .net/2u *"_ivl_40", 3 0, L_0x7fc1a9b86180;  1 drivers
v0x970df0_0 .net *"_ivl_42", 0 0, L_0x977a50;  1 drivers
v0x970eb0_0 .net *"_ivl_45", 0 0, L_0x977bb0;  1 drivers
L_0x7fc1a9b861c8 .functor BUFT 1, C4<1010>, C4<0>, C4<0>, C4<0>;
v0x970f70_0 .net/2u *"_ivl_46", 3 0, L_0x7fc1a9b861c8;  1 drivers
v0x971050_0 .net *"_ivl_48", 0 0, L_0x977cc0;  1 drivers
v0x971110_0 .net *"_ivl_51", 0 0, L_0x977ec0;  1 drivers
L_0x7fc1a9b86210 .functor BUFT 1, C4<1011>, C4<0>, C4<0>, C4<0>;
v0x9711d0_0 .net/2u *"_ivl_52", 3 0, L_0x7fc1a9b86210;  1 drivers
v0x9712b0_0 .net *"_ivl_54", 0 0, L_0x978010;  1 drivers
v0x971370_0 .net *"_ivl_57", 0 0, L_0x977b40;  1 drivers
L_0x7fc1a9b86258 .functor BUFT 1, C4<0001>, C4<0>, C4<0>, C4<0>;
v0x971430_0 .net/2u *"_ivl_64", 3 0, L_0x7fc1a9b86258;  1 drivers
L_0x7fc1a9b862a0 .functor BUFT 1, C4<0010>, C4<0>, C4<0>, C4<0>;
v0x971510_0 .net/2u *"_ivl_68", 3 0, L_0x7fc1a9b862a0;  1 drivers
L_0x7fc1a9b862e8 .functor BUFT 1, C4<0011>, C4<0>, C4<0>, C4<0>;
v0x9715f0_0 .net/2u *"_ivl_72", 3 0, L_0x7fc1a9b862e8;  1 drivers
v0x9716d0_0 .net *"_ivl_74", 0 0, L_0x978820;  1 drivers
v0x971790_0 .net *"_ivl_77", 0 0, L_0x978910;  1 drivers
v0x971870_0 .net/2u *"_ivl_78", 0 0, L_0x7fc1a9b86330;  1 drivers
v0x971950_0 .net *"_ivl_80", 0 0, L_0x978b70;  1 drivers
L_0x7fc1a9b86378 .functor BUFT 1, C4<0011>, C4<0>, C4<0>, C4<0>;
v0x971a10_0 .net/2u *"_ivl_84", 3 0, L_0x7fc1a9b86378;  1 drivers
v0x971af0_0 .net *"_ivl_86", 0 0, L_0x978780;  1 drivers
v0x971bb0_0 .net *"_ivl_89", 0 0, L_0x978e40;  1 drivers
v0x971c90_0 .net/2u *"_ivl_90", 0 0, L_0x7fc1a9b863c0;  1 drivers
v0x971d70_0 .net *"_ivl_92", 0 0, L_0x978fa0;  1 drivers
L_0x7fc1a9b86408 .functor BUFT 1, C4<0100>, C4<0>, C4<0>, C4<0>;
v0x971e30_0 .net/2u *"_ivl_96", 3 0, L_0x7fc1a9b86408;  1 drivers
v0x971f10_0 .net "addi_po", 0 0, L_0x979280;  alias, 1 drivers
v0x971fb0_0 .net "alu_func_po", 2 0, L_0x9784c0;  alias, 1 drivers
v0x972050_0 .net "arith_1op_po", 0 0, L_0x978690;  alias, 1 drivers
v0x9720f0_0 .net "arith_2op_po", 0 0, L_0x9785f0;  alias, 1 drivers
v0x972190_0 .net "branch_carry_po", 0 0, L_0x979e50;  alias, 1 drivers
v0x972230_0 .net "branch_eq_po", 0 0, L_0x9799a0;  alias, 1 drivers
v0x9726e0_0 .net "branch_ge_po", 0 0, L_0x979ae0;  alias, 1 drivers
v0x972780_0 .net "branch_le_po", 0 0, L_0x979d10;  alias, 1 drivers
v0x972840_0 .net "destination", 2 0, L_0x976cf0;  1 drivers
v0x972920_0 .net "destination_reg_po", 2 0, L_0x902000;  alias, 1 drivers
v0x972a00_0 .net "halt_cmd_po", 0 0, L_0x979210;  alias, 1 drivers
v0x972ac0_0 .net "immediate", 11 0, L_0x976f00;  1 drivers
v0x972ba0_0 .net "immediate_po", 11 0, L_0x978360;  alias, 1 drivers
v0x972c80_0 .net "instruction_pi", 15 0, v0x976020_0;  1 drivers
v0x972d60_0 .net "jump_po", 0 0, L_0x97a090;  alias, 1 drivers
v0x972e20_0 .net "load_po", 0 0, L_0x979640;  alias, 1 drivers
v0x972ee0_0 .net "movi_higher_po", 0 0, L_0x9790b0;  alias, 1 drivers
v0x972fa0_0 .net "movi_lower_po", 0 0, L_0x978c80;  alias, 1 drivers
v0x973060_0 .net "opcode", 3 0, L_0x976c00;  1 drivers
v0x973140_0 .net "rst_cmd_po", 0 0, L_0x98b050;  alias, 1 drivers
v0x973200_0 .net "source1", 2 0, L_0x976d90;  1 drivers
v0x9732e0_0 .net "source2", 2 0, L_0x976e30;  1 drivers
v0x9733c0_0 .net "source_reg1_po", 2 0, L_0x9777c0;  alias, 1 drivers
v0x9734a0_0 .net "source_reg2_po", 2 0, L_0x978220;  alias, 1 drivers
v0x973580_0 .net "stb_cmd_po", 0 0, L_0x98a890;  alias, 1 drivers
v0x973620_0 .net "stc_cmd_po", 0 0, L_0x98a4d0;  alias, 1 drivers
v0x9736c0_0 .net "store_po", 0 0, L_0x979780;  alias, 1 drivers
v0x973760_0 .net "subi_po", 0 0, L_0x979370;  alias, 1 drivers
L_0x976c00 .part v0x976020_0, 12, 4;
L_0x976cf0 .part v0x976020_0, 9, 3;
L_0x976d90 .part v0x976020_0, 6, 3;
L_0x976e30 .part v0x976020_0, 3, 3;
L_0x976f00 .part v0x976020_0, 0, 12;
L_0x976ff0 .cmp/eq 4, L_0x976c00, L_0x7fc1a9b86018;
L_0x977170 .cmp/eq 4, L_0x976c00, L_0x7fc1a9b86060;
L_0x977300 .cmp/eq 4, L_0x976c00, L_0x7fc1a9b860a8;
L_0x977590 .cmp/eq 4, L_0x976c00, L_0x7fc1a9b860f0;
L_0x9777c0 .functor MUXZ 3, L_0x976d90, L_0x976cf0, L_0x977680, C4<>;
L_0x977960 .cmp/eq 4, L_0x976c00, L_0x7fc1a9b86138;
L_0x977a50 .cmp/eq 4, L_0x976c00, L_0x7fc1a9b86180;
L_0x977cc0 .cmp/eq 4, L_0x976c00, L_0x7fc1a9b861c8;
L_0x978010 .cmp/eq 4, L_0x976c00, L_0x7fc1a9b86210;
L_0x978220 .functor MUXZ 3, L_0x976e30, L_0x976d90, L_0x977b40, C4<>;
L_0x9784c0 .part v0x976020_0, 0, 3;
L_0x9785f0 .cmp/eq 4, L_0x976c00, L_0x7fc1a9b86258;
L_0x978690 .cmp/eq 4, L_0x976c00, L_0x7fc1a9b862a0;
L_0x978820 .cmp/eq 4, L_0x976c00, L_0x7fc1a9b862e8;
L_0x978910 .part v0x976020_0, 8, 1;
L_0x978780 .cmp/eq 4, L_0x976c00, L_0x7fc1a9b86378;
L_0x978e40 .part v0x976020_0, 8, 1;
L_0x979280 .cmp/eq 4, L_0x976c00, L_0x7fc1a9b86408;
L_0x979370 .cmp/eq 4, L_0x976c00, L_0x7fc1a9b86450;
L_0x979640 .cmp/eq 4, L_0x976c00, L_0x7fc1a9b86498;
L_0x979780 .cmp/eq 4, L_0x976c00, L_0x7fc1a9b864e0;
L_0x9799a0 .cmp/eq 4, L_0x976c00, L_0x7fc1a9b86528;
L_0x979ae0 .cmp/eq 4, L_0x976c00, L_0x7fc1a9b86570;
L_0x979d10 .cmp/eq 4, L_0x976c00, L_0x7fc1a9b865b8;
L_0x979e50 .cmp/eq 4, L_0x976c00, L_0x7fc1a9b86600;
L_0x97a090 .cmp/eq 4, L_0x976c00, L_0x7fc1a9b86648;
L_0x97a1d0 .cmp/eq 4, L_0x976c00, L_0x7fc1a9b86690;
L_0x98a3e0 .cmp/eq 12, L_0x976f00, L_0x7fc1a9b866d8;
L_0x98a5e0 .cmp/eq 4, L_0x976c00, L_0x7fc1a9b86720;
L_0x98a7f0 .cmp/eq 12, L_0x976f00, L_0x7fc1a9b86768;
L_0x98aa20 .cmp/eq 4, L_0x976c00, L_0x7fc1a9b867b0;
L_0x98a6d0 .cmp/eq 12, L_0x976f00, L_0x7fc1a9b867f8;
L_0x98ad30 .cmp/eq 4, L_0x976c00, L_0x7fc1a9b86840;
L_0x98af60 .cmp/eq 12, L_0x976f00, L_0x7fc1a9b86888;
S_0x973ad0 .scope module, "myRegfile" "regfile" 2 96, 5 2 0, S_0x9458a0;
 .timescale -9 -9;
    .port_info 0 /INPUT 3 "source_reg1_pi";
    .port_info 1 /INPUT 3 "source_reg2_pi";
    .port_info 2 /INPUT 1 "new_carry_pi";
    .port_info 3 /INOUT 1 "new_borrow_pi";
    .port_info 4 /OUTPUT 16 "reg1_data_po";
    .port_info 5 /OUTPUT 16 "reg2_data_po";
    .port_info 6 /OUTPUT 1 "current_carry_po";
    .port_info 7 /OUTPUT 1 "current_borrow_po";
P_0x973c90 .param/l "NUM_REG" 0 5 13, +C4<00000000000000000000000000001000>;
L_0x98b4e0 .functor BUFZ 16, L_0x98b350, C4<0000000000000000>, C4<0000000000000000>, C4<0000000000000000>;
L_0x98b730 .functor BUFZ 16, L_0x98b5a0, C4<0000000000000000>, C4<0000000000000000>, C4<0000000000000000>;
L_0x98b7f0 .functor BUFZ 1, v0x973e70_0, C4<0>, C4<0>, C4<0>;
L_0x98b860 .functor BUFZ 1, v0x973db0_0, C4<0>, C4<0>, C4<0>;
v0x973db0_0 .var "BORROW_FLAG", 0 0;
v0x973e70_0 .var "CARRY_FLAG", 0 0;
v0x973f30 .array "REG_FILE", 0 7, 15 0;
v0x974000_0 .net *"_ivl_0", 15 0, L_0x98b350;  1 drivers
v0x9740e0_0 .net *"_ivl_10", 4 0, L_0x98b640;  1 drivers
L_0x7fc1a9b86918 .functor BUFT 1, C4<00>, C4<0>, C4<0>, C4<0>;
v0x974210_0 .net *"_ivl_13", 1 0, L_0x7fc1a9b86918;  1 drivers
v0x9742f0_0 .net *"_ivl_2", 4 0, L_0x98b3f0;  1 drivers
L_0x7fc1a9b868d0 .functor BUFT 1, C4<00>, C4<0>, C4<0>, C4<0>;
v0x9743d0_0 .net *"_ivl_5", 1 0, L_0x7fc1a9b868d0;  1 drivers
v0x9744b0_0 .net *"_ivl_8", 15 0, L_0x98b5a0;  1 drivers
v0x974590_0 .net "current_borrow_po", 0 0, L_0x98b860;  alias, 1 drivers
v0x974630_0 .net "current_carry_po", 0 0, L_0x98b7f0;  alias, 1 drivers
v0x974700_0 .var/i "i", 31 0;
v0x9747a0_0 .net "new_borrow_pi", 0 0, v0x96e030_0;  alias, 1 drivers
v0x974870_0 .net "new_carry_pi", 0 0, v0x96e1b0_0;  alias, 1 drivers
v0x974940_0 .net "reg1_data_po", 15 0, L_0x98b4e0;  alias, 1 drivers
v0x974a10_0 .net "reg2_data_po", 15 0, L_0x98b730;  alias, 1 drivers
v0x974ae0_0 .net "source_reg1_pi", 2 0, L_0x9777c0;  alias, 1 drivers
v0x974bb0_0 .net "source_reg2_pi", 2 0, L_0x978220;  alias, 1 drivers
L_0x98b350 .array/port v0x973f30, L_0x98b3f0;
L_0x98b3f0 .concat [ 3 2 0 0], L_0x9777c0, L_0x7fc1a9b868d0;
L_0x98b5a0 .array/port v0x973f30, L_0x98b640;
L_0x98b640 .concat [ 3 2 0 0], L_0x978220, L_0x7fc1a9b86918;
    .scope S_0x901e10;
T_0 ;
    %wait E_0x903950;
    %pushi/vec4 0, 0, 16;
    %store/vec4 v0x96dce0_0, 0, 16;
    %load/vec4 v0x96e0f0_0;
    %store/vec4 v0x96e1b0_0, 0, 1;
    %load/vec4 v0x96df70_0;
    %store/vec4 v0x96e030_0, 0, 1;
    %load/vec4 v0x96dda0_0;
    %flag_set/vec4 8;
    %jmp/0xz  T_0.0, 8;
    %load/vec4 v0x96dc00_0;
    %dup/vec4;
    %pushi/vec4 0, 0, 3;
    %cmp/u;
    %jmp/1 T_0.2, 6;
    %dup/vec4;
    %pushi/vec4 1, 0, 3;
    %cmp/u;
    %jmp/1 T_0.3, 6;
    %dup/vec4;
    %pushi/vec4 2, 0, 3;
    %cmp/u;
    %jmp/1 T_0.4, 6;
    %dup/vec4;
    %pushi/vec4 3, 0, 3;
    %cmp/u;
    %jmp/1 T_0.5, 6;
    %pushi/vec4 0, 0, 16;
    %store/vec4 v0x96dce0_0, 0, 16;
    %jmp T_0.7;
T_0.2 ;
    %load/vec4 v0x96e410_0;
    %inv;
    %store/vec4 v0x96dce0_0, 0, 16;
    %jmp T_0.7;
T_0.3 ;
    %load/vec4 v0x96e410_0;
    %ix/load 4, 1, 0;
    %flag_set/imm 4, 0;
    %shiftl 4;
    %store/vec4 v0x96dce0_0, 0, 16;
    %jmp T_0.7;
T_0.4 ;
    %load/vec4 v0x96e410_0;
    %ix/load 4, 1, 0;
    %flag_set/imm 4, 0;
    %shiftr 4;
    %store/vec4 v0x96dce0_0, 0, 16;
    %jmp T_0.7;
T_0.5 ;
    %load/vec4 v0x96e410_0;
    %store/vec4 v0x96dce0_0, 0, 16;
    %jmp T_0.7;
T_0.7 ;
    %pop/vec4 1;
    %jmp T_0.1;
T_0.0 ;
    %load/vec4 v0x96de60_0;
    %flag_set/vec4 8;
    %jmp/0xz  T_0.8, 8;
    %load/vec4 v0x96dc00_0;
    %dup/vec4;
    %pushi/vec4 0, 0, 3;
    %cmp/u;
    %jmp/1 T_0.10, 6;
    %dup/vec4;
    %pushi/vec4 1, 0, 3;
    %cmp/u;
    %jmp/1 T_0.11, 6;
    %dup/vec4;
    %pushi/vec4 2, 0, 3;
    %cmp/u;
    %jmp/1 T_0.12, 6;
    %dup/vec4;
    %pushi/vec4 3, 0, 3;
    %cmp/u;
    %jmp/1 T_0.13, 6;
    %dup/vec4;
    %pushi/vec4 4, 0, 3;
    %cmp/u;
    %jmp/1 T_0.14, 6;
    %dup/vec4;
    %pushi/vec4 5, 0, 3;
    %cmp/u;
    %jmp/1 T_0.15, 6;
    %dup/vec4;
    %pushi/vec4 6, 0, 3;
    %cmp/u;
    %jmp/1 T_0.16, 6;
    %dup/vec4;
    %pushi/vec4 7, 0, 3;
    %cmp/u;
    %jmp/1 T_0.17, 6;
    %pushi/vec4 0, 0, 16;
    %store/vec4 v0x96dce0_0, 0, 16;
    %jmp T_0.19;
T_0.10 ;
    %load/vec4 v0x96e410_0;
    %pad/u 17;
    %load/vec4 v0x96e4f0_0;
    %pad/u 17;
    %add;
    %split/vec4 16;
    %store/vec4 v0x96dce0_0, 0, 16;
    %store/vec4 v0x96e1b0_0, 0, 1;
    %jmp T_0.19;
T_0.11 ;
    %load/vec4 v0x96e410_0;
    %pad/u 17;
    %load/vec4 v0x96e4f0_0;
    %pad/u 17;
    %add;
    %load/vec4 v0x96e0f0_0;
    %pad/u 17;
    %add;
    %split/vec4 16;
    %store/vec4 v0x96dce0_0, 0, 16;
    %store/vec4 v0x96e1b0_0, 0, 1;
    %jmp T_0.19;
T_0.12 ;
    %load/vec4 v0x96e410_0;
    %pad/u 17;
    %load/vec4 v0x96e4f0_0;
    %pad/u 17;
    %sub;
    %split/vec4 16;
    %store/vec4 v0x96dce0_0, 0, 16;
    %store/vec4 v0x96e030_0, 0, 1;
    %jmp T_0.19;
T_0.13 ;
    %load/vec4 v0x96e410_0;
    %pad/u 17;
    %load/vec4 v0x96e4f0_0;
    %pad/u 17;
    %sub;
    %load/vec4 v0x96df70_0;
    %pad/u 17;
    %sub;
    %split/vec4 16;
    %store/vec4 v0x96dce0_0, 0, 16;
    %store/vec4 v0x96e030_0, 0, 1;
    %jmp T_0.19;
T_0.14 ;
    %load/vec4 v0x96e410_0;
    %load/vec4 v0x96e4f0_0;
    %and;
    %store/vec4 v0x96dce0_0, 0, 16;
    %jmp T_0.19;
T_0.15 ;
    %load/vec4 v0x96e410_0;
    %load/vec4 v0x96e4f0_0;
    %or;
    %store/vec4 v0x96dce0_0, 0, 16;
    %jmp T_0.19;
T_0.16 ;
    %load/vec4 v0x96e410_0;
    %load/vec4 v0x96e4f0_0;
    %xor;
    %store/vec4 v0x96dce0_0, 0, 16;
    %jmp T_0.19;
T_0.17 ;
    %load/vec4 v0x96e410_0;
    %load/vec4 v0x96e4f0_0;
    %xor;
    %inv;
    %store/vec4 v0x96dce0_0, 0, 16;
    %jmp T_0.19;
T_0.19 ;
    %pop/vec4 1;
T_0.8 ;
T_0.1 ;
    %load/vec4 v0x94ef20_0;
    %flag_set/vec4 8;
    %jmp/0xz  T_0.20, 8;
    %load/vec4 v0x96e410_0;
    %pad/u 17;
    %load/vec4 v0x96e270_0;
    %pad/u 17;
    %add;
    %split/vec4 16;
    %store/vec4 v0x96dce0_0, 0, 16;
    %store/vec4 v0x96e1b0_0, 0, 1;
    %jmp T_0.21;
T_0.20 ;
    %load/vec4 v0x96e750_0;
    %flag_set/vec4 8;
    %jmp/0xz  T_0.22, 8;
    %load/vec4 v0x96e410_0;
    %pad/u 17;
    %load/vec4 v0x96e270_0;
    %pad/u 17;
    %sub;
    %split/vec4 16;
    %store/vec4 v0x96dce0_0, 0, 16;
    %store/vec4 v0x96e030_0, 0, 1;
T_0.22 ;
T_0.21 ;
    %load/vec4 v0x96e350_0;
    %flag_set/vec4 8;
    %jmp/0xz  T_0.24, 8;
    %load/vec4 v0x96e410_0;
    %load/vec4 v0x96e270_0;
    %pad/u 16;
    %add;
    %store/vec4 v0x96dce0_0, 0, 16;
T_0.24 ;
    %load/vec4 v0x96e690_0;
    %flag_set/vec4 8;
    %jmp/0xz  T_0.26, 8;
    %pushi/vec4 1, 0, 1;
    %store/vec4 v0x96e1b0_0, 0, 1;
T_0.26 ;
    %load/vec4 v0x96e5d0_0;
    %flag_set/vec4 8;
    %jmp/0xz  T_0.28, 8;
    %pushi/vec4 1, 0, 1;
    %store/vec4 v0x96e030_0, 0, 1;
T_0.28 ;
    %jmp T_0;
    .thread T_0, $push;
    .scope S_0x973ad0;
T_1 ;
    %pushi/vec4 0, 0, 32;
    %store/vec4 v0x974700_0, 0, 32;
T_1.0 ;
    %load/vec4 v0x974700_0;
    %cmpi/s 8, 0, 32;
    %jmp/0xz T_1.1, 5;
    %load/vec4 v0x974700_0;
    %addi 1, 0, 32;
    %pad/s 16;
    %ix/getv/s 4, v0x974700_0;
    %store/vec4a v0x973f30, 4, 0;
    %load/vec4 v0x974700_0;
    %addi 1, 0, 32;
    %store/vec4 v0x974700_0, 0, 32;
    %jmp T_1.0;
T_1.1 ;
    %pushi/vec4 1, 0, 1;
    %store/vec4 v0x973e70_0, 0, 1;
    %pushi/vec4 1, 0, 1;
    %store/vec4 v0x973db0_0, 0, 1;
    %end;
    .thread T_1;
    .scope S_0x9458a0;
T_2 ;
    %pushi/vec4 0, 0, 32;
    %store/vec4 v0x975dd0_0, 0, 32;
T_2.0 ;
    %load/vec4 v0x975dd0_0;
    %cmpi/s 32, 0, 32;
    %jmp/0xz T_2.1, 5;
    %load/vec4 v0x975dd0_0;
    %dup/vec4;
    %pushi/vec4 0, 0, 32;
    %cmp/u;
    %jmp/1 T_2.2, 6;
    %dup/vec4;
    %pushi/vec4 1, 0, 32;
    %cmp/u;
    %jmp/1 T_2.3, 6;
    %dup/vec4;
    %pushi/vec4 2, 0, 32;
    %cmp/u;
    %jmp/1 T_2.4, 6;
    %dup/vec4;
    %pushi/vec4 3, 0, 32;
    %cmp/u;
    %jmp/1 T_2.5, 6;
    %dup/vec4;
    %pushi/vec4 4, 0, 32;
    %cmp/u;
    %jmp/1 T_2.6, 6;
    %dup/vec4;
    %pushi/vec4 5, 0, 32;
    %cmp/u;
    %jmp/1 T_2.7, 6;
    %dup/vec4;
    %pushi/vec4 6, 0, 32;
    %cmp/u;
    %jmp/1 T_2.8, 6;
    %dup/vec4;
    %pushi/vec4 7, 0, 32;
    %cmp/u;
    %jmp/1 T_2.9, 6;
    %dup/vec4;
    %pushi/vec4 8, 0, 32;
    %cmp/u;
    %jmp/1 T_2.10, 6;
    %dup/vec4;
    %pushi/vec4 9, 0, 32;
    %cmp/u;
    %jmp/1 T_2.11, 6;
    %dup/vec4;
    %pushi/vec4 10, 0, 32;
    %cmp/u;
    %jmp/1 T_2.12, 6;
    %dup/vec4;
    %pushi/vec4 11, 0, 32;
    %cmp/u;
    %jmp/1 T_2.13, 6;
    %dup/vec4;
    %pushi/vec4 12, 0, 32;
    %cmp/u;
    %jmp/1 T_2.14, 6;
    %dup/vec4;
    %pushi/vec4 13, 0, 32;
    %cmp/u;
    %jmp/1 T_2.15, 6;
    %dup/vec4;
    %pushi/vec4 14, 0, 32;
    %cmp/u;
    %jmp/1 T_2.16, 6;
    %dup/vec4;
    %pushi/vec4 15, 0, 32;
    %cmp/u;
    %jmp/1 T_2.17, 6;
    %dup/vec4;
    %pushi/vec4 16, 0, 32;
    %cmp/u;
    %jmp/1 T_2.18, 6;
    %dup/vec4;
    %pushi/vec4 17, 0, 32;
    %cmp/u;
    %jmp/1 T_2.19, 6;
    %dup/vec4;
    %pushi/vec4 18, 0, 32;
    %cmp/u;
    %jmp/1 T_2.20, 6;
    %dup/vec4;
    %pushi/vec4 19, 0, 32;
    %cmp/u;
    %jmp/1 T_2.21, 6;
    %dup/vec4;
    %pushi/vec4 20, 0, 32;
    %cmp/u;
    %jmp/1 T_2.22, 6;
    %dup/vec4;
    %pushi/vec4 21, 0, 32;
    %cmp/u;
    %jmp/1 T_2.23, 6;
    %dup/vec4;
    %pushi/vec4 22, 0, 32;
    %cmp/u;
    %jmp/1 T_2.24, 6;
    %dup/vec4;
    %pushi/vec4 23, 0, 32;
    %cmp/u;
    %jmp/1 T_2.25, 6;
    %dup/vec4;
    %pushi/vec4 24, 0, 32;
    %cmp/u;
    %jmp/1 T_2.26, 6;
    %dup/vec4;
    %pushi/vec4 25, 0, 32;
    %cmp/u;
    %jmp/1 T_2.27, 6;
    %dup/vec4;
    %pushi/vec4 26, 0, 32;
    %cmp/u;
    %jmp/1 T_2.28, 6;
    %dup/vec4;
    %pushi/vec4 27, 0, 32;
    %cmp/u;
    %jmp/1 T_2.29, 6;
    %dup/vec4;
    %pushi/vec4 28, 0, 32;
    %cmp/u;
    %jmp/1 T_2.30, 6;
    %dup/vec4;
    %pushi/vec4 29, 0, 32;
    %cmp/u;
    %jmp/1 T_2.31, 6;
    %dup/vec4;
    %pushi/vec4 30, 0, 32;
    %cmp/u;
    %jmp/1 T_2.32, 6;
    %dup/vec4;
    %pushi/vec4 31, 0, 32;
    %cmp/u;
    %jmp/1 T_2.33, 6;
    %pushi/vec4 0, 0, 16;
    %ix/getv/s 4, v0x975dd0_0;
    %store/vec4a v0x974d40, 4, 0;
    %jmp T_2.35;
T_2.2 ;
    %pushi/vec4 6296, 0, 16;
    %ix/load 4, 0, 0;
    %flag_set/imm 4, 0;
    %store/vec4a v0x974d40, 4, 0;
    %jmp T_2.35;
T_2.3 ;
    %pushi/vec4 6433, 0, 16;
    %ix/load 4, 1, 0;
    %flag_set/imm 4, 0;
    %store/vec4a v0x974d40, 4, 0;
    %jmp T_2.35;
T_2.4 ;
    %pushi/vec4 61441, 0, 16;
    %ix/load 4, 2, 0;
    %flag_set/imm 4, 0;
    %store/vec4a v0x974d40, 4, 0;
    %jmp T_2.35;
T_2.5 ;
    %pushi/vec4 6433, 0, 16;
    %ix/load 4, 3, 0;
    %flag_set/imm 4, 0;
    %store/vec4a v0x974d40, 4, 0;
    %jmp T_2.35;
T_2.6 ;
    %pushi/vec4 18165, 0, 16;
    %ix/load 4, 4, 0;
    %flag_set/imm 4, 0;
    %store/vec4a v0x974d40, 4, 0;
    %jmp T_2.35;
T_2.7 ;
    %pushi/vec4 6354, 0, 16;
    %ix/load 4, 5, 0;
    %flag_set/imm 4, 0;
    %store/vec4a v0x974d40, 4, 0;
    %jmp T_2.35;
T_2.8 ;
    %pushi/vec4 6867, 0, 16;
    %ix/load 4, 6, 0;
    %flag_set/imm 4, 0;
    %store/vec4a v0x974d40, 4, 0;
    %jmp T_2.35;
T_2.9 ;
    %pushi/vec4 61442, 0, 16;
    %ix/load 4, 7, 0;
    %flag_set/imm 4, 0;
    %store/vec4a v0x974d40, 4, 0;
    %jmp T_2.35;
T_2.10 ;
    %pushi/vec4 6939, 0, 16;
    %ix/load 4, 8, 0;
    %flag_set/imm 4, 0;
    %store/vec4a v0x974d40, 4, 0;
    %jmp T_2.35;
T_2.11 ;
    %pushi/vec4 22786, 0, 16;
    %ix/load 4, 9, 0;
    %flag_set/imm 4, 0;
    %store/vec4a v0x974d40, 4, 0;
    %jmp T_2.35;
T_2.12 ;
    %pushi/vec4 8174, 0, 16;
    %ix/load 4, 10, 0;
    %flag_set/imm 4, 0;
    %store/vec4a v0x974d40, 4, 0;
    %jmp T_2.35;
T_2.13 ;
    %pushi/vec4 6591, 0, 16;
    %ix/load 4, 11, 0;
    %flag_set/imm 4, 0;
    %store/vec4a v0x974d40, 4, 0;
    %jmp T_2.35;
T_2.14 ;
    %pushi/vec4 8052, 0, 16;
    %ix/load 4, 12, 0;
    %flag_set/imm 4, 0;
    %store/vec4a v0x974d40, 4, 0;
    %jmp T_2.35;
T_2.15 ;
    %pushi/vec4 8149, 0, 16;
    %ix/load 4, 13, 0;
    %flag_set/imm 4, 0;
    %store/vec4a v0x974d40, 4, 0;
    %jmp T_2.35;
T_2.16 ;
    %pushi/vec4 15786, 0, 16;
    %ix/load 4, 14, 0;
    %flag_set/imm 4, 0;
    %store/vec4a v0x974d40, 4, 0;
    %jmp T_2.35;
T_2.17 ;
    %pushi/vec4 15547, 0, 16;
    %ix/load 4, 15, 0;
    %flag_set/imm 4, 0;
    %store/vec4a v0x974d40, 4, 0;
    %jmp T_2.35;
T_2.18 ;
    %pushi/vec4 12224, 0, 16;
    %ix/load 4, 16, 0;
    %flag_set/imm 4, 0;
    %store/vec4a v0x974d40, 4, 0;
    %jmp T_2.35;
T_2.19 ;
    %pushi/vec4 11715, 0, 16;
    %ix/load 4, 17, 0;
    %flag_set/imm 4, 0;
    %store/vec4a v0x974d40, 4, 0;
    %jmp T_2.35;
T_2.20 ;
    %pushi/vec4 9922, 0, 16;
    %ix/load 4, 18, 0;
    %flag_set/imm 4, 0;
    %store/vec4a v0x974d40, 4, 0;
    %jmp T_2.35;
T_2.21 ;
    %pushi/vec4 11777, 0, 16;
    %ix/load 4, 19, 0;
    %flag_set/imm 4, 0;
    %store/vec4a v0x974d40, 4, 0;
    %jmp T_2.35;
T_2.22 ;
    %pushi/vec4 29272, 0, 16;
    %ix/load 4, 20, 0;
    %flag_set/imm 4, 0;
    %store/vec4a v0x974d40, 4, 0;
    %jmp T_2.35;
T_2.23 ;
    %pushi/vec4 25316, 0, 16;
    %ix/load 4, 21, 0;
    %flag_set/imm 4, 0;
    %store/vec4a v0x974d40, 4, 0;
    %jmp T_2.35;
T_2.24 ;
    %pushi/vec4 53006, 0, 16;
    %ix/load 4, 22, 0;
    %flag_set/imm 4, 0;
    %store/vec4a v0x974d40, 4, 0;
    %jmp T_2.35;
T_2.25 ;
    %pushi/vec4 33407, 0, 16;
    %ix/load 4, 23, 0;
    %flag_set/imm 4, 0;
    %store/vec4a v0x974d40, 4, 0;
    %jmp T_2.35;
T_2.26 ;
    %pushi/vec4 33470, 0, 16;
    %ix/load 4, 24, 0;
    %flag_set/imm 4, 0;
    %store/vec4a v0x974d40, 4, 0;
    %jmp T_2.35;
T_2.27 ;
    %pushi/vec4 37503, 0, 16;
    %ix/load 4, 25, 0;
    %flag_set/imm 4, 0;
    %store/vec4a v0x974d40, 4, 0;
    %jmp T_2.35;
T_2.28 ;
    %pushi/vec4 37566, 0, 16;
    %ix/load 4, 26, 0;
    %flag_set/imm 4, 0;
    %store/vec4a v0x974d40, 4, 0;
    %jmp T_2.35;
T_2.29 ;
    %pushi/vec4 41599, 0, 16;
    %ix/load 4, 27, 0;
    %flag_set/imm 4, 0;
    %store/vec4a v0x974d40, 4, 0;
    %jmp T_2.35;
T_2.30 ;
    %pushi/vec4 41662, 0, 16;
    %ix/load 4, 28, 0;
    %flag_set/imm 4, 0;
    %store/vec4a v0x974d40, 4, 0;
    %jmp T_2.35;
T_2.31 ;
    %pushi/vec4 45119, 0, 16;
    %ix/load 4, 29, 0;
    %flag_set/imm 4, 0;
    %store/vec4a v0x974d40, 4, 0;
    %jmp T_2.35;
T_2.32 ;
    %pushi/vec4 64170, 0, 16;
    %ix/load 4, 30, 0;
    %flag_set/imm 4, 0;
    %store/vec4a v0x974d40, 4, 0;
    %jmp T_2.35;
T_2.33 ;
    %pushi/vec4 65535, 0, 16;
    %ix/load 4, 31, 0;
    %flag_set/imm 4, 0;
    %store/vec4a v0x974d40, 4, 0;
    %jmp T_2.35;
T_2.35 ;
    %pop/vec4 1;
    %load/vec4 v0x975dd0_0;
    %addi 1, 0, 32;
    %store/vec4 v0x975dd0_0, 0, 32;
    %jmp T_2.0;
T_2.1 ;
    %vpi_call 2 154 "$display", "*************************************" {0 0 0};
    %vpi_call 2 155 "$display", "\011No.\011Instruction\011\011Decoded Signals\012" {0 0 0};
    %end;
    .thread T_2;
    .scope S_0x9458a0;
T_3 ;
    %wait E_0x902a20;
    %pushi/vec4 0, 0, 32;
    %store/vec4 v0x975dd0_0, 0, 32;
T_3.0 ;
    %load/vec4 v0x975dd0_0;
    %cmpi/s 32, 0, 32;
    %jmp/0xz T_3.1, 5;
    %delay 1, 0;
    %ix/getv/s 4, v0x975dd0_0;
    %load/vec4a v0x974d40, 4;
    %store/vec4 v0x976020_0, 0, 16;
    %delay 1, 0;
    %vpi_call 2 164 "$display", "%d.\011%x\011\011%o %o %o %o %o\011%b %b %b %b %b %b %b %b %b %b %b %b %b %b %b %b %b\012", v0x975dd0_0, v0x976020_0, v0x9756f0_0, v0x975c90_0, v0x9766b0_0, v0x9767a0_0, v0x975f80_0, v0x975920_0, v0x975880_0, v0x976360_0, v0x976290_0, v0x975220_0, v0x976b10_0, v0x9761c0_0, v0x976a70_0, v0x975ab0_0, v0x975b50_0, v0x975bf0_0, v0x975a10_0, v0x9760f0_0, v0x976980_0, v0x976890_0, v0x975d30_0, v0x976610_0 {0 0 0};
    %delay 1, 0;
    %vpi_call 2 166 "$display", "\011\011ALU Inputs -- Data1: %x   Data 2: %x   Immediate: %x   stc: %b   stb: %b  carry_in: %b  borrow_in: %b\012", v0x976430_0, v0x976520_0, &PV<v0x975f80_0, 0, 6>, v0x976980_0, v0x976890_0, v0x9754c0_0, v0x9752e0_0 {0 0 0};
    %delay 1, 0;
    %vpi_call 2 168 "$display", "\011\011ALU Outputs --- Result: %x\011Carry_out:%b\011Borrow_out: %b\012\012", v0x9757e0_0, v0x975600_0, v0x9753d0_0 {0 0 0};
    %load/vec4 v0x975dd0_0;
    %addi 1, 0, 32;
    %store/vec4 v0x975dd0_0, 0, 32;
    %jmp T_3.0;
T_3.1 ;
    %vpi_call 2 173 "$finish" {0 0 0};
    %jmp T_3;
    .thread T_3, $push;
# The file index is used to find the file name in the following table.
:file_names 6;
    "N/A";
    "<interactive>";
    "tb_alu.v";
    "alu.v";
    "../decoder/decoder.v";
    "regfile.v";
